[backblue.gif]
[fade.gif]
[index.html]
[gemini-2.com/favicon.ico]
[gemini-2.com/ajxmenu.css]
[gemini-2.com/gemini-2.css]
[gemini-2.com/index-2.html]
[gemini-2.com/Getting_started.html]
[gemini-2.com/front_panel_pinouts.html]
[gemini-2.com/front_panel_pinouts_mini-gemini-2.html]
[gemini-2.com/definitions.html]
[gemini-2.com/quickstart/index.html]
[gemini-2.com/hc/index.html]
[gemini-2.com/alt-alignment.html]
[gemini-2.com/Losmandy_Videos.html]
[gemini-2.com/gemini2_videos.html]
[gemini-2.com/connecting_Gemini_to_computers.html]
[gemini-2.com/Installing_ASCOM.html]
[gemini-2.com/faqGII.html]
[gemini-2.com/G2_Verse_G1-Modeling.html]
[gemini-2.com/web/index.html]
[gemini-2.com/limits.html]
[gemini-2.com/tellfirmwareversion.html]
[gemini-2.com/Simple_Rules_Gemini_Uses.html]
[gemini-2.com/troubleshooting.html]
[gemini-2.com/alignment_procedure.html]
[gemini-2.com/hc/En-SAE-01.html]
[gemini-2.com/hc/E026.html]
[gemini-2.com/ConnectingtoG2.html]
[gemini-2.com/crossovernetwork.html]
[gemini-2.com/Enabling_netbios.html]
[gemini-2.com/travel_routers.html]
[gemini-2.com/ethernet_connections.html]
[gemini-2.com/configuringEthernetASCOMdriver.html]
[gemini-2.com/network-places.html]
[gemini-2.com/updatefirmwaremethods.html]
[gemini-2.com/gfu.html]
[gemini-2.com/Removing_SDCards.html]
[gemini-2.com/copycatalogs.html]
[gemini-2.com/cable_wiring.html]
[gemini-2.com/serial_port_modes.html]
[gemini-2.com/Losmandy_Serial_Cable.html]
[gemini-2.com/handcontroller-cable-ends.html]
[gemini-2.com/hand_controller_extender.html]
[gemini-2.com/Losmandy-motors.html]
[gemini-2.com/GPS.html]
[gemini-2.com/Gemini2_features.html]
[gemini-2.com/error-reporting.html]
[gemini-2.com/Cksum.html]
[gemini-2.com/hc/E019A.html]
[gemini-2.com/hc/E023A.html]
[gemini-2.com/hc/En-networkmenu_A.html]
[gemini-2.com/web/web-site-time.html]
[gemini-2.com/web/web-network.html]
[gemini-2.com/web/web-battery-ports.html]
[gemini-2.com/web/web-firmware-sram.html]
[gemini-2.com/faqG1.html]
[gemini-2.com/G1drivers.html]
[gemini-2.com/pcb-pictures.html]
[gemini-2.com/G1-repairers.html]
[gemini-2.com/videos/Losmandy_Gemini_Battery_CR2354.mp4]
[gemini-2.com/videos/changing_CR2032_battery.mp4]
[gemini-2.com/G1_EPROM.html]
[gemini-2.com/usbtoserial.html]
[gemini-2.com/Gemini-1 mods.html]
[gemini-2.com/2nd_Communication_Port_Cable.html]
[gemini-2.com/Gemini2_drivers/GeminiTelescopeInstaller(1.0.72.0).exe]
[gemini-2.com/configuringASCOMfirsttime.html]
[gemini-2.com/Gemini2_drivers/Gemini_Telescope_Net_Installation_and_Operation.pdf]
[gemini-2.com/DCOM-FIX-EXPLAIN.html]
[gemini-2.com/select_Ascom_options.html]
[gemini-2.com/configuringASCOMSetuppage.html]
[gemini-2.com/configuringASCOMAdvancedSetuppage.html]
[gemini-2.com/Ascom_park_menu.html]
[gemini-2.com/theSkyX_to_Gemini.html]
[gemini-2.com/getting-GPS-into-ASCOMdriver.html]
[gemini-2.com/scripting_examples.html]
[gemini-2.com/Gemini2_drivers/UPD_Protocol/Gemini_UDP_Protocol_Specification_1.0.pdf]
[gemini-2.com/Gemini2_drivers/L5-USB/USB_Drivers_for_Level_5_Firmware_after_June-4-2013.zip]
[gemini-2.com/Gemini2_drivers/Gemini2_32bit_USB_driver.zip]
[gemini-2.com/Gemini2_drivers/Gemini2_64bit_USB_driver.zip]
[gemini-2.com/installing_usb_drivers.html]
[gemini-2.com/featureport-serialport.html]
[gemini-2.com/usb-ethernet.html]
[gemini-2.com/Gemini2_drivers/UPD_Protocol/Gemini_UDP_Protocol_Specification_1.2.pdf]
[gemini-2.com/web/L5V2_1serial.html]
[gemini-2.com/downloads/CGICodes/CGIcodes.pdf]
[gemini-2.com/handcontroller_errors.html]
[gemini-2.com/hc/time_zone_offset_chart.html]
[gemini-2.com/hc/timezonefacts.html]
[gemini-2.com/downloads/Michael_Herman/RA_Extension_Spacer.pdf]
[gemini-2.com/downloads/Michael_Herman/Improving_OPW.pdf]
[gemini-2.com/downloads/Michael_Herman/Making_7lb_counterweight.pdf]
[gemini-2.com/downloads/Michael_Herman/Polar_Scope_Improvements.pdf]
[gemini-2.com/downloads/Michael_Herman/Leveling_Handles.pdf]
[gemini-2.com/downloads/TitanTipsByBobAllevo.pdf]
[gemini-2.com/downloads/Losmandy_Titan_Reassembly.pdf]
[gemini-2.com/Losmandy_New_Gearbox.html]
[gemini-2.com/Gearbox_mod.html]
[gemini-2.com/Mclennan_Gearboxes.html]
[gemini-2.com/downloads/GPSrelated/redirect.zip]
[gemini-2.com/downloads/GPSrelated/VisualGPSInstall.zip]
[gemini-2.com/downloads/USV_View/usbdeview.zip]
[gemini-2.com/all-links.html]
[gemini-2.com/other-files/xweb-popup.js]
[gemini-2.com/gemini-V2-pics.html]
[gemini-2.com/gemini-images/MainImages/Thumbnails/Gem_mini_cover1_small_small.jpg]
[gemini-2.com/gemini-images/MainImages/mainimagesmall/Gem_mini_cover1_small.jpg]
[gemini-2.com/gemini-V1-pics.html]
[gemini-2.com/gemini-images/MainImages/Thumbnails/MainUintCoverV_small_small.jpg]
[gemini-2.com/gemini-images/MainImages/mainimagesmall/MainUintCoverV_small.jpg]
[gemini-2.com/lat_long_from_address.html]
[gemini-2.com/web/web-NTP.html]
[gemini-2.com/index.html]
[gemini-2.com/ajxmenu_bottom.css]
[gemini-2.com/ajxmenu_files/top-sub.gif]
[gemini-2.com/ajxmenu_files/sub-sub.gif]
[gemini-2.com/ajxmenu.css]
[gemini-2.com/gemini-2.css]
[gemini-2.com/index-2.html]
[gemini-2.com/Getting_started.html]
[gemini-2.com/gemini-images/Frontpanel/Gemini-2_Front_Panel_pinouts_900.jpg]
[gemini-2.com/Losmandy_Made_Cable.html]
[gemini-2.com/ClassicHandController.html]
[gemini-2.com/warning.html]
[gemini-2.com/web/ajxmenu_bottom_files/index.php]
[gemini-2.com/front_panel_pinouts.html]
[gemini-2.com/gemini-images/Frontpanel/Thumbnails/Gemini-2_Mini_Front_Panel_Drawing_small.jpg]
[gemini-2.com/gemini-images/Frontpanel/Gemini-2_Mini_Front_Panel_Drawing.jpg]
[gemini-2.com/front_panel_pinouts_mini-gemini-2.html]
[gemini-2.com/hc/En-limits-safety.html]
[gemini-2.com/hc/En-hcmode.html]
[gemini-2.com/_/hc/En-limits-safety.php]
[gemini-2.com/web/web-modeling.html]
[gemini-2.com/paa.html]
[gemini-2.com/web/web-motor.html]
[gemini-2.com/hc/E019.php]
[gemini-2.com/hc/En-limits-safety_goto.html]
[gemini-2.com/definitions.html]
[gemini-2.com/quickstart/favicon.ico]
[gemini-2.com/quickstart/Installing_ASCOM.php]
[gemini-2.com/quickstart/Gemini2_drivers/GeminiTelescopeInstaller(1.0.72.0).exe]
[gemini-2.com/quickstart/configuringASCOMfirsttime.php]
[gemini-2.com/quickstart/Gemini2_drivers/Gemini_Telescope_Net_Installation_and_Operation.pdf]
[gemini-2.com/quickstart/configuringEthernetASCOMdriver.php]
[gemini-2.com/quickstart/DCOM-FIX-EXPLAIN.php]
[gemini-2.com/quickstart/downloads/USV_View/usbdeview.zip]
[gemini-2.com/quickstart/screenalign-1.html]
[gemini-2.com/quickstart/images/LogoScreen.jpg]
[gemini-2.com/videos/COUNTER_WEIGHT_DOWN_POSITION.mp4]
[gemini-2.com/videos/INITIAL_SETUP.mp4]
[gemini-2.com/quickstart/gemini-2.8c.delayed]
[gemini-2.com/quickstart/index.html]
[gemini-2.com/quickstart/ajxmenu_bottom.css]
[gemini-2.com/hc/favicon.ico]
[gemini-2.com/hc/Installing_ASCOM.php]
[gemini-2.com/hc/Gemini2_drivers/GeminiTelescopeInstaller(1.0.72.0).exe]
[gemini-2.com/hc/configuringASCOMfirsttime.php]
[gemini-2.com/hc/Gemini2_drivers/Gemini_Telescope_Net_Installation_and_Operation.pdf]
[gemini-2.com/hc/configuringEthernetASCOMdriver.php]
[gemini-2.com/hc/DCOM-FIX-EXPLAIN.php]
[gemini-2.com/hc/downloads/USV_View/usbdeview.zip]
[gemini-2.com/hc/index - QSpushed.html]
[gemini-2.com/hc/index - Coldpushed.html]
[gemini-2.com/hc/index - WarmStpushed .html]
[gemini-2.com/hc/index - WarmRestPushed.html]
[gemini-2.com/hc/En-Images/E001.jpg]
[gemini-2.com/hc/gemini-2.css]
[gemini-2.com/hc/index.html]
[gemini-2.com/hc/E003.html]
[gemini-2.com/alt-alignment3.html]
[gemini-2.com/gemini-images/alt-alignment/P1.jpg]
[gemini-2.com/gemini-images/alt-alignment/P2.jpg]
[gemini-2.com/gemini-images/alt-alignment/P3.jpg]
[gemini-2.com/alt-alignment1.html]
[gemini-2.com/gemini-images/alt-alignment/P4.jpg]
[gemini-2.com/alt-alignment.html]
[gemini-2.com/videos/NIGHT_OF_VIEWING.mp4]
[gemini-2.com/videos/GOTO_FUNCTIONS.mp4]
[gemini-2.com/videos/Do_I_Align_or_Synchronize.mp4]
[gemini-2.com/videos/CATALOG_TOUR.mp4]
[gemini-2.com/videos/MOUNT_STARTUP_MENU.mp4]
[gemini-2.com/videos/POLAR_ALIGN_CORRECTION.mp4]
[gemini-2.com/videos/MODELING.mp4]
[gemini-2.com/videos/SETTING_SAFTY_LIMITS.mp4]
[gemini-2.com/videos/TRACK_FUNCTION.mp4]
[gemini-2.com/videos/HC_BUTTON.mp4]
[gemini-2.com/videos/PARKING_THE_MOUNT.mp4]
[gemini-2.com/videos/POLAR_SCOPE_ILLUMINATOR.mp4]
[gemini-2.com/videos/Losmandy_Gemini_Battery_CR2450.mp4]
[gemini-2.com/Losmandy_Videos.html]
[gemini-2.com/videos/MP4/webinterface.mp4]
[gemini-2.com/videos/MP4/setsites.mp4]
[gemini-2.com/videos/MP4/acessmicrosdcard.mp4]
[gemini-2.com/videos/MP4/catalogintoweb.mp4]
[gemini-2.com/videos/MP4/updatecatalog.mp4]
[gemini-2.com/videos/MP4/installGFU.mp4]
[gemini-2.com/GFU/GFU.zip]
[gemini-2.com/videos/MP4/runGFU.mp4]
[gemini-2.com/updatingsirmwareselection_files/Movie/HC-remove-replace-SDcard.wmv]
[gemini-2.com/updatingsirmwareselection_files/Movie/Gemini-2-micro_SDcard-removeal-Replace.wmv]
[gemini-2.com/gemini2_videos.html]
[gemini-2.com/web/L5V1serial.html]
[gemini-2.com/connecting_Gemini_to_computers.html]
[gemini-2.com/Installing_ASCOM.html]
[gemini-2.com/win10_shortcut_keys.html]
[gemini-2.com/web/web-network_change_mac.html]
[gemini-2.com/hcfirmwareflashexample.html]
[gemini-2.com/downloads/GPUSB/guide_port_cables.pdf]
[gemini-2.com/downloads/magiccwdposition.pdf]
[gemini-2.com/gemini-images/faq/SBIG_opto_Autoguider_opto-isolator.jpg]
[gemini-2.com/gemini-images/faq/SBIG_opto_isolator.jpg]
[gemini-2.com/faqGII.html]
[gemini-2.com/gemini-images/alignment/align_menu1.jpg]
[gemini-2.com/gemini-images/alignment/align_menu2.jpg]
[gemini-2.com/hc-English/En-SAE-01.php]
[gemini-2.com/G2_Verse_G1-Modeling.html]
[gemini-2.com/web/favicon.ico]
[gemini-2.com/web/Installing_ASCOM.php]
[gemini-2.com/web/Gemini2_drivers/GeminiTelescopeInstaller(1.0.72.0).exe]
[gemini-2.com/web/configuringASCOMfirsttime.php]
[gemini-2.com/web/Gemini2_drivers/Gemini_Telescope_Net_Installation_and_Operation.pdf]
[gemini-2.com/web/configuringEthernetASCOMdriver.php]
[gemini-2.com/web/DCOM-FIX-EXPLAIN.php]
[gemini-2.com/web/downloads/USV_View/usbdeview.zip]
[gemini-2.com/videos/MP4/get_into_web_interface.mp4]
[gemini-2.com/gemini-images/firmware_update/login.jpg]
[gemini-2.com/web/web-state-cgi.html]
[gemini-2.com/web/web-hand-control.html]
[gemini-2.com/web/web-functions.html]
[gemini-2.com/web/web-objects.html]
[gemini-2.com/web/web-mount.html]
[gemini-2.com/web/web-sdcard.html]
[gemini-2.com/web/web-flash.html]
[gemini-2.com/web/web-access.html]
[gemini-2.com/web/web-serial-ports.html]
[gemini-2.com/web/web-statistics.html]
[gemini-2.com/web/Web-video.html]
[gemini-2.com/web/mhc_disclaimer.html]
[gemini-2.com/web/index-nightmode.html]
[gemini-2.com/web/images/gemini-2_index.jpg]
[gemini-2.com/downloads/CGICodes/CGIcodes.zip]
[gemini-2.com/web/index.html]
[gemini-2.com/gemini-images/LimitSwitches/limitsN.jpg]
[gemini-2.com/gemini-images/LimitSwitches/limitsN_small.jpg]
[gemini-2.com/gemini-images/LimitSwitches/N114D.jpg]
[gemini-2.com/gemini-images/LimitSwitches/N123D.jpg]
[gemini-2.com/gemini-images/LimitSwitches/limitsS.jpg]
[gemini-2.com/gemini-images/LimitSwitches/limitsS_small.jpg]
[gemini-2.com/gemini-images/LimitSwitches/S114D.jpg]
[gemini-2.com/gemini-images/LimitSwitches/S123D.jpg]
[gemini-2.com/gemini-images/LimitSwitches/SetSafetyLimits_small.jpg]
[gemini-2.com/limits-safety_Eastern.html]
[gemini-2.com/limits-safety_Western.html]
[gemini-2.com/limits-safety_goto.html]
[gemini-2.com/gemini-images/handcontoller_menu_images/safetylimit.jpg]
[gemini-2.com/limits.html]
[gemini-2.com/firmware-changes.html]
[gemini-2.com/hc/E020A.html]
[gemini-2.com/hc/En-Images/E020A.jpg]
[gemini-2.com/web/images/firmware-sram-hc.jpg]
[gemini-2.com/tellfirmwareversion.html]
[gemini-2.com/Simple_Rules_Gemini_Uses.html]
[gemini-2.com/gemini-images/troublingshooting/HC_root.jpg]
[gemini-2.com/gemini-images/troublingshooting/inside-hcfirmware_dir.jpg]
[gemini-2.com/gemini-images/troublingshooting/gfu_first.jpg]
[gemini-2.com/gemini-images/troublingshooting/gfu_second.jpg]
[gemini-2.com/troubleshooting.html]
[gemini-2.com/semi-automatic-alignment-procedure.html]
[gemini-2.com/alignment_procedure.html]
[gemini-2.com/hc/En-SAE-02.html]
[gemini-2.com/hc/En-SAW-01.html]
[gemini-2.com/hc/En-Images/En-SAE-1.jpg]
[gemini-2.com/hc/En-SAE-01.html]
[gemini-2.com/hc/E026A.html]
[gemini-2.com/hc/E004.html]
[gemini-2.com/hc/En-Images/E026.jpg]
[gemini-2.com/hc/E026.html]
[gemini-2.com/hc/En-Images/En-Networkmainmenu.jpg]
[gemini-2.com/ConnectingtoG2.html]
[gemini-2.com/gemini-images/NetworkConfiguration/WIN10/1-Win10-taskbar.jpg]
[gemini-2.com/gemini-images/NetworkConfiguration/WIN10/1a-network_icon.jpg]
[gemini-2.com/gemini-images/NetworkConfiguration/WIN10/2-select-open-network.jpg]
[gemini-2.com/gemini-images/NetworkConfiguration/WIN10/3-network-setting.jpg]
[gemini-2.com/gemini-images/NetworkConfiguration/WIN10/4-change_adapter_setting.jpg]
[gemini-2.com/gemini-images/NetworkConfiguration/WIN10/6-LAN_adapter_properties.jpg]
[gemini-2.com/gemini-images/NetworkConfiguration/WIN10/7-selecting_IVP4.jpg]
[gemini-2.com/gemini-images/NetworkConfiguration/WIN10/8-IVP4_Properites.jpg]
[gemini-2.com/gemini-images/NetworkConfiguration/WIN10/9-Setting_Static_IP.jpg]
[gemini-2.com/gemini-images/NetworkConfiguration/WIN7/thumbnails/G2-staticIP_small.jpg]
[gemini-2.com/gemini-images/NetworkConfiguration/WIN10/IPSetting.jpg]
[gemini-2.com/gemini-images/NetworkConfiguration/WIN10/advancedsetting.jpg]
[gemini-2.com/gemini-images/NetworkConfiguration/WIN7/nwin7-1.jpg]
[gemini-2.com/gemini-images/NetworkConfiguration/thumbnails/nwin7-1_small.jpg]
[gemini-2.com/gemini-images/NetworkConfiguration/WIN7/nwin7-2.jpg]
[gemini-2.com/gemini-images/NetworkConfiguration/thumbnails/nwin7-2_small.jpg]
[gemini-2.com/gemini-images/NetworkConfiguration/WIN7/nwin7-3.jpg]
[gemini-2.com/gemini-images/NetworkConfiguration/thumbnails/nwin7-3_small.jpg]
[gemini-2.com/gemini-images/NetworkConfiguration/WIN7/nwin7-4.jpg]
[gemini-2.com/gemini-images/NetworkConfiguration/XP/nxp1.jpg]
[gemini-2.com/gemini-images/NetworkConfiguration/XP/nxp3.jpg]
[gemini-2.com/gemini-images/NetworkConfiguration/thumbnails/nxp3_small.jpg]
[gemini-2.com/gemini-images/NetworkConfiguration/XP/nxp4.jpg]
[gemini-2.com/crossovernetwork.html]
[gemini-2.com/Enabling_netbios.html]
[gemini-2.com/gemini-images/NetworkConfiguration/client_bridge.jpg]
[gemini-2.com/gemini-images/NetworkConfiguration/WINCW2001.jpg]
[gemini-2.com/gemini-images/NetworkConfiguration/ZyXEL_NBG2105.jpg]
[gemini-2.com/gemini-images/NetworkConfiguration/TL-WE702N.jpg]
[gemini-2.com/travel_routers.html]
[gemini-2.com/faqG2.html]
[gemini-2.com/gemini-images/Ethernet/Ethernet_Connections.jpg]
[gemini-2.com/gemini-images/Ethernet/USB_to_Ethernet.jpg]
[gemini-2.com/gemini-images/Ethernet/Computertocomputer_one.jpg]
[gemini-2.com/gemini-images/Ethernet/Computertocomputer_two.jpg]
[gemini-2.com/gemini-images/Ethernet/Advanced_Power_Setting.jpg]
[gemini-2.com/ethernet_connections.html]
[gemini-2.com/gemini-images/ascom/geminitelescopeicon.jpg]
[gemini-2.com/gemini-images/ascom/Ascom-HC.jpg]
[gemini-2.com/gemini-images/ascom/menuselection.jpg]
[gemini-2.com/gemini-images/ascom/config-ethernet1.jpg]
[gemini-2.com/gemini-images/ascom/config-ethernet.jpg]
[gemini-2.com/gemini-images/ascom/DHCP-ASCOM_network_selectiom.jpg]
[gemini-2.com/gemini-images/ascom/network.jpg]
[gemini-2.com/configuringEthernetASCOMdriver.html]
[gemini-2.com/gemini-images/ascom/configureEthernetAscom.jpg]
[gemini-2.com/gemini-images/Network-Places/internet_properties.jpg]
[gemini-2.com/gemini-images/Network-Places/internet_properties-advanced.jpg]
[gemini-2.com/gemini-images/Network-Places/Add network location.jpg]
[gemini-2.com/gemini-images/Network-Places/choose-custom-network-location.jpg]
[gemini-2.com/gemini-images/Network-Places/enter-gemini-location.jpg]
[gemini-2.com/gemini-images/Network-Places/name-location.jpg]
[gemini-2.com/gemini-images/Network-Places/finish-add-network-location.jpg]
[gemini-2.com/gemini-images/Network-Places/micro-sdcard.jpg]
[gemini-2.com/gemini-images/Network-Places/What-it-looks-like.jpg]
[gemini-2.com/gemini-images/Network-Places/shortscurs_on_desktop.jpg]
[gemini-2.com/updateFileExplorer.html]
[gemini-2.com/network-places.html]
[gemini-2.com/installing_level5_Vesion1.html]
[gemini-2.com/updatefirmwaremethods.html]
[gemini-2.com/rebuildmainSDcardfirmware.html]
[gemini-2.com/firmware1/current/combined.zip]
[gemini-2.com/GFU/start_page.jpg]
[gemini-2.com/GFU/IP_Correct.jpg]
[gemini-2.com/GFU/hit_Start.jpg]
[gemini-2.com/GFU/Download.jpg]
[gemini-2.com/GFU/extract.jpg]
[gemini-2.com/GFU/upload.jpg]
[gemini-2.com/GFU/Flash-Confirm.jpg]
[gemini-2.com/GFU/Flash.jpg]
[gemini-2.com/GFU/Finished.jpg]
[gemini-2.com/hc/En-Images/E003.jpg]
[gemini-2.com/gfu.html]
[gemini-2.com/gemini-images/Removing_SDcards/MainUintCoverV.jpg]
[gemini-2.com/gemini-images/Removing_SDcards/SDcardClosed.jpg]
[gemini-2.com/gemini-images/Removing_SDcards/SDCardCoverOpen.jpg]
[gemini-2.com/gemini-images/Removing_SDcards/SDCardCoverOpen1.jpg]
[gemini-2.com/gemini-images/Removing_SDcards/SDCardCoverOpen2.jpg]
[gemini-2.com/gemini-images/Removing_SDcards/SDCardCoverOpen3.jpg]
[gemini-2.com/gemini-images/handcontroller2/HCV2-bothboards.jpg]
[gemini-2.com/gemini-images/handcontroller2/thumbnails/HCV2-bothboards_small.jpg]
[gemini-2.com/gemini-images/handcontroller2/thumbnails/1-RemoveScrews.jpg]
[gemini-2.com/gemini-images/Removing_SDcards/2-PryOnFace.jpg]
[gemini-2.com/gemini-images/Removing_SDcards/3-RemoveFaceplate.jpg]
[gemini-2.com/gemini-images/Removing_SDcards/HCSDCardHolder.jpg]
[gemini-2.com/gemini-images/Removing_SDcards/4-WhereSDCardIS.jpg]
[gemini-2.com/gemini-images/Removing_SDcards/5-SDCardPartlyPoppedOut.jpg]
[gemini-2.com/gemini-images/Removing_SDcards/6-RemovingSDCard.jpg]
[gemini-2.com/gemini-images/Removing_SDcards/7-SDcardOut.jpg]
[gemini-2.com/gemini-images/Removing_SDcards/8-SldingInSDCard.jpg]
[gemini-2.com/gemini-images/Removing_SDcards/10-SDCardAlmostIm.jpg]
[gemini-2.com/gemini-images/Removing_SDcards/11-SDCardALL-the-way-in.jpg]
[gemini-2.com/rebuildhcSDcardfirmwareup.html]
[gemini-2.com/Removing_SDCards.html]
[gemini-2.com/gemini-images/copycatalogs/starcatalogsdirectory.jpg]
[gemini-2.com/gemini-images/copycatalogs/thumbnails/starcatalogsdirectory_small.jpg]
[gemini-2.com/gemini-images/copycatalogs/savemenu.jpg]
[gemini-2.com/gemini-images/copycatalogs/thumbnails/savemenu_small.jpg]
[gemini-2.com/gemini-images/copycatalogs/starcatalogs_saved.jpg]
[gemini-2.com/gemini-images/copycatalogs/thumbnails/starcatalogs_saved_small.jpg]
[gemini-2.com/gemini-images/copycatalogs/doublewindow.jpg]
[gemini-2.com/gemini-images/copycatalogs/thumbnails/doublewindow_small.jpg]
[gemini-2.com/gemini-images/copycatalogs/typehere.jpg]
[gemini-2.com/gemini-images/copycatalogs/enterftpname.jpg]
[gemini-2.com/gemini-images/copycatalogs/geminiSDfiles.jpg]
[gemini-2.com/gemini-images/copycatalogs/thumbnails/geminiSDfiles_small.jpg]
[gemini-2.com/gemini-images/copycatalogs/SouthernStarsCopied.jpg]
[gemini-2.com/copycatalogs.html]
[gemini-2.com/gemini-images/copycatalogs/thumbnails/SouthernStarsCopied_small.jpg]
[gemini-2.com/gemini-images/Serial_Wiring_Diagram.jpg]
[gemini-2.com/gemini-images/Images/G1RS232.gif]
[gemini-2.com/gemini-images/Images/G1RJ22.gif]
[gemini-2.com/gemini-images/Images/RJ12Mode1-2.jpg]
[gemini-2.com/gemini-images/Images/RJ12Mode3.jpg]
[gemini-2.com/cable_wiring.html]
[gemini-2.com/images/maxim_max3250.gif]
[gemini-2.com/gemini-images/Images/Serialport.jpg]
[gemini-2.com/gemini-images/Images/Serialport_small.jpg]
[gemini-2.com/images/serial_header_diagram.gif]
[gemini-2.com/serial_port_modes.html]
[gemini-2.com/gemini-images/RS232/G-2_Serial.jpg]
[gemini-2.com/gemini-images/RS232/G-2_Serial_small.jpg]
[gemini-2.com/gemini-images/RS232/DB9F-RJ12_Adapter.jpg]
[gemini-2.com/gemini-images/RS232/DB9F-RJ12_Adapter_small.jpg]
[gemini-2.com/Losmandy_Serial_Cable.html]
[gemini-2.com/gemini-images/handcontroller-cable-ends.jpg]
[gemini-2.com/handcontroller-cable-ends.html]
[gemini-2.com/Hand_Controller_Extender/handcontroller_extender.jpg]
[gemini-2.com/Hand_Controller_Extender/Hand Controller Extender.pdf]
[gemini-2.com/Hand_Controller_Extender/Transmitter Side/Transmitter_disambled.jpg]
[gemini-2.com/Hand_Controller_Extender/Transmitter Side/transmitter_Wiring.jpg]
[gemini-2.com/Hand_Controller_Extender/Receiver Side/Receiver_Disambled.jpg]
[gemini-2.com/Hand_Controller_Extender/Receiver Side/Modified_Wiring-Receiver.jpg]
[gemini-2.com/Hand_Controller_Extender/Receiver Side/Receiver_adapter.jpg]
[gemini-2.com/Hand_Controller_Extender/Transmitter Side/RJ12-DB9M_Transmitter.jpg]
[gemini-2.com/Hand_Controller_Extender/RJ12_connector.jpg]
[gemini-2.com/Hand_Controller_Extender/Receiver Side/20181011_115419.jpg]
[gemini-2.com/hand_controller_extender.html]
[gemini-2.com/images/motors/Losmandy-Maxxon-01.jpg]
[gemini-2.com/downloads/Losmandy_motors/G11servorepair.pdf]
[gemini-2.com/Losmandy-motors.html]
[gemini-2.com/gemini-images/gps/stargps.jpg]
[gemini-2.com/gemini-images/gps/GPS-Gemini2.jpg]
[gemini-2.com/gemini-images/gps/DC-Y-cable.jpg]
[gemini-2.com/gemini-images/gps/GPS-USB.jpg]
[gemini-2.com/gemini-images/gps/HC_Rebooting_and_GPS_Found.jpg]
[gemini-2.com/gemini-images/gps/site_menu_queryGps.jpg]
[gemini-2.com/gemini-images/gps/web_query_GPS.jpg]
[gemini-2.com/gemini-images/gps/state_page_w_GPS_success.jpg]
[gemini-2.com/gemini-images/gps/AscomGPSsetting.jpg]
[gemini-2.com/androidgps.html]
[gemini-2.com/GPS.html]
[gemini-2.com/Gemini2_features.html]
[gemini-2.com/gemini-images/error-reporting/ASCOM-Logging.jpg]
[gemini-2.com/gemini-images/ascom/Create_New_folder_for_Error_files.jpg]
[gemini-2.com/error-reporting.html]
[gemini-2.com/Cksum.html]
[gemini-2.com/lat_long_from_address_hc.html]
[gemini-2.com/hc/E006A.html]
[gemini-2.com/hc/E007A.html]
[gemini-2.com/hc/E009A.html]
[gemini-2.com/hc/En-system.html]
[gemini-2.com/hc/E019H.html]
[gemini-2.com/hc/E019B.html]
[gemini-2.com/hc/E019S.html]
[gemini-2.com/hc/En-Images/E019.jpg]
[gemini-2.com/hc/E019A.html]
[gemini-2.com/xweb-popup.js]
[gemini-2.com/hc/E009C.html]
[gemini-2.com/hc/E010A.html]
[gemini-2.com/hc/E011A.html]
[gemini-2.com/hc/En-Images/timedate-ntp.jpg]
[gemini-2.com/hc/E023A.html]
[gemini-2.com/using-gps-receivers.html]
[gemini-2.com/hc/En-IPsettingmenu.html]
[gemini-2.com/hc/En-IPnetmask.html]
[gemini-2.com/hc/En-IPdefaultgateway.html]
[gemini-2.com/hc/En-networkmenu_A.html]
[gemini-2.com/hc/En-IPDNSserver.html]
[gemini-2.com/web/xweb-popup.js]
[gemini-2.com/web/images/site-time-NPT.jpg]
[gemini-2.com/lat_long_from_address_web.html]
[gemini-2.com/videos/MP4/setsiteweb.mp4]
[gemini-2.com/web/images/SiteSet.jpg]
[gemini-2.com/web/timezonefacts.html]
[gemini-2.com/web/math-DD-to-DMS.html]
[gemini-2.com/web/web-site-time.html]
[gemini-2.com/web/images/network-NTP.jpg]
[gemini-2.com/web/web-network.html]
[gemini-2.com/web/images/battery-ports.jpg]
[gemini-2.com/web/images/HC.jpg]
[gemini-2.com/web/web-battery-ports.html]
[gemini-2.com/web/images/firmware-sram.jpg]
[gemini-2.com/web/web-firmware-sram.html]
[gemini-2.com/downloads/pdf/ground-loops.pdf]
[gemini-2.com/images/C21.jpg]
[gemini-2.com/gemini-images/schematic/serial.jpg]
[gemini-2.com/images/F2.jpg]
[gemini-2.com/_http_/www.fettesps.com/how-to-remove-com-ports-which-are-in-use/index.html]
[gemini-2.com/gemini-images/faq/U3.jpg]
[gemini-2.com/images/GeminiPCB3-Batt.jpg]
[gemini-2.com/images/GeminiPCB3-Batt_small.jpg]
[gemini-2.com/gemini-images/G1_images/Battery.jpg]
[gemini-2.com/images/G1-GuiderInputcircuit.jpg]
[gemini-2.com/images/thumbnails/G1-GuiderInputcircuit_small1.jpg]
[gemini-2.com/faqG1.html]
[gemini-2.com/downloads/pdf/GeminiL4UserManual.pdf]
[gemini-2.com/helpfiles/Determining_the_Com_Port_of_a_connected_USB.pdf]
[gemini-2.com/helpfiles/ReplacingEproms.pdf]
[gemini-2.com/helpfiles/STARGPS.pdf]
[gemini-2.com/G1drivers.html]
[gemini-2.com/pcb/orginal_gemini-1.jpg]
[gemini-2.com/pcb/WPThumbnails/orginal_gemini-1_small.jpg]
[gemini-2.com/pcb/GeminiPCB1.jpg]
[gemini-2.com/pcb/GeminiPCB1_small.jpg]
[gemini-2.com/gemini-images/Images/ClassicHandController.jpg]
[gemini-2.com/gemini-images/Images/ClassicHandController_small.jpg]
[gemini-2.com/Gemini1-early-mods.html]
[gemini-2.com/pcb/GeminiPCB1A.jpg]
[gemini-2.com/pcb/GeminiPCB1A_small.jpg]
[gemini-2.com/gemini-images/DeluxeHC/DHC.jpg]
[gemini-2.com/gemini-images/DeluxeHC/thumbnails/DHC_small.jpg]
[gemini-2.com/pcb/pcb3_case.jpg]
[gemini-2.com/pcb/WPThumbnails/pcb3_case_small.jpg]
[gemini-2.com/pcb/GeminiPCB2.jpg]
[gemini-2.com/pcb/GeminiPCB2_small.jpg]
[gemini-2.com/faq.html]
[gemini-2.com/images/P1012052A.jpg]
[gemini-2.com/pcb/P1012052A_small.jpg]
[gemini-2.com/pcb/lastversion_case1.jpg]
[gemini-2.com/pcb/WPThumbnails/lastversion_case1_small.jpg]
[gemini-2.com/pcb/GeminiPCB3.jpg]
[gemini-2.com/pcb/GeminiPCB3_small.jpg]
[gemini-2.com/pcb/FuseF1.jpg]
[gemini-2.com/pcb-pictures.html]
[gemini-2.com/G1-repairers.html]
[gemini-2.com/downloads/Gemini-1_Eprom_Code/L4V105.zip]
[gemini-2.com/G1_EPROM.html]
[gemini-2.com/downloads/Gemini-1_Eprom_Code/L4V104.zip]
[gemini-2.com/gemini-images/USBtoSerialCables/chipi.png]
[gemini-2.com/gemini-images/USBtoSerialCables/US232R.png]
[gemini-2.com/usbtoserial.html]
[gemini-2.com/Gemini-1 mods.html]
[gemini-2.com/gemini-images/featureport-serial/PC182517.jpg]
[gemini-2.com/gemini-images/Gemini1/USB-Serial-cable/TTL-232RG-VIP-WE.jpg]
[gemini-2.com/gemini-images/featureport-serial/PC182519.jpg]
[gemini-2.com/gemini-images/featureport-serial/thumbnails/PC182519_small.jpg]
[gemini-2.com/gemini-images/Gemini1/USB-Serial-cable/IMG_1671.jpg]
[gemini-2.com/gemini-images/Gemini1/USB-Serial-cable/FTDI_cable_Connections.jpg]
[gemini-2.com/gemini-images/Gemini1/USB-Serial-cable/Gemini-1_Manual_table.jpg]
[gemini-2.com/gemini-images/Gemini1/USB-Serial-cable/Wired_Connector.jpg]
[gemini-2.com/gemini-images/Gemini1/USB-Serial-cable/completed_cable.jpg]
[gemini-2.com/gemini-images/Gemini1/USB-Serial-cable/OLIMEX.jpg]
[gemini-2.com/gemini-images/Gemini1/USB-Serial-cable/cable_with_OLMEX.jpg]
[gemini-2.com/downloads/rebooter/Rebooter_Program.zip]
[gemini-2.com/gemini-images/Gemini1/USB-Serial-cable/rebooter.jpg]
[gemini-2.com/2nd_Communication_Port_Cable.html]
[gemini-2.com/gemini-images/ascom/menu_selection-ATS.jpg]
[gemini-2.com/gemini-images/ascom/advancedsetuppage-clearcheckbox.jpg]
[gemini-2.com/gemini-images/ascom/menu_selection-ConfigTel.jpg]
[gemini-2.com/gemini-images/ascom/config-telescope_clear_checkbox.jpg]
[gemini-2.com/gemini-images/ascom/GeminiAscomSetuppage-select_connection.jpg]
[gemini-2.com/gemini-images/ascom/ascom-handcontroller-connect.jpg]
[gemini-2.com/gemini-images/ascom/bootmode.jpg]
[gemini-2.com/configuringASCOMfirsttime.html]
[gemini-2.com/gemini-images/ascom/Advanced-Gemini-setting-save-profile.jpg]
[gemini-2.com/DCOM_Reported_Problems.html]
[gemini-2.com/DCOM_Fix.html]
[gemini-2.com/DCOM-FIX-EXPLAIN.html]
[gemini-2.com/gemini-images/ascom/ascom_right_mouse_selections.jpg]
[gemini-2.com/select_Ascom_options.html]
[gemini-2.com/gemini-images/ascom/GeminiAscomSetuppage.jpg]
[gemini-2.com/configuringASCOMSetuppage.html]
[gemini-2.com/gemini-images/ascom/advancedsetuppage.jpg]
[gemini-2.com/configuringASCOMAdvancedSetuppage.html]
[gemini-2.com/gemini-images/ascom/select_park_Menu.jpg]
[gemini-2.com/gemini-images/ascom/config_park_Alt-AZ_coordinates.jpg]
[gemini-2.com/Ascom_park_menu.html]
[gemini-2.com/gemini-images/TheSkyX/Open_TheSkyX.jpg]
[gemini-2.com/gemini-images/TheSkyX/thumbnails/Open_TheSkyX_small.jpg]
[gemini-2.com/gemini-images/TheSkyX/Open_Telescope_pulldown.jpg]
[gemini-2.com/gemini-images/TheSkyX/imgA.jpg]
[gemini-2.com/gemini-images/TheSkyX/imgB.jpg]
[gemini-2.com/gemini-images/TheSkyX/imgD.jpg]
[gemini-2.com/gemini-images/TheSkyX/img7.jpg]
[gemini-2.com/gemini-images/TheSkyX/ASCOM_Chooser.jpg]
[gemini-2.com/gemini-images/TheSkyX/ASCOM_Chosser_w_Gemini_dot_net.jpg]
[gemini-2.com/gemini-images/TheSkyX/img9.jpg]
[gemini-2.com/gemini-images/TheSkyX/Telescope_menu_pulldown.jpg]
[gemini-2.com/gemini-images/TheSkyX/Gemini_logo.jpg]
[gemini-2.com/gemini-images/TheSkyX/Gemini_startup_selection.jpg]
[gemini-2.com/theSkyX_to_Gemini.html]
[gemini-2.com/gemini-images/ascom/config-gps.jpg]
[gemini-2.com/gemini-images/ascom/quere-gps.jpg]
[gemini-2.com/gemini-images/ascom/get-gps.jpg]
[gemini-2.com/gemini-images/ascom/after-gps.jpg]
[gemini-2.com/getting-GPS-into-ASCOMdriver.html]
[gemini-2.com/script_parktelescope.html]
[gemini-2.com/Script_Pec.html]
[gemini-2.com/Script_terrestrial_mode.html]
[gemini-2.com/Script_EmergencyStop.html]
[gemini-2.com/scripting_examples.html]
[gemini-2.com/installing_usb_drivers.html]
[gemini-2.com/gemini-images/featureport-serial/thumbnails/PC182517_small.jpg]
[gemini-2.com/gemini-images/featureport-serial/thumbnails/PC182520_small.jpg]
[gemini-2.com/gemini-images/featureport-serial/Cable_Discription1.jpg]
[gemini-2.com/gemini-images/featureport-serial/Cable_Discription2.jpg]
[gemini-2.com/gemini-images/featureport-serial/Feature_Port.jpg]
[gemini-2.com/gemini-images/featureport-serial/finishedtop.jpg]
[gemini-2.com/gemini-images/featureport-serial/enable-pins.jpg]
[gemini-2.com/gemini-images/featureport-serial/feature-ethernet-usb.jpg]
[gemini-2.com/gemini-images/featureport-serial/feature-ethernet-usb_small.jpg]
[gemini-2.com/gemini-images/featureport-serial/wiring-usb-feature.jpg]
[gemini-2.com/featureport-serialport.html]
[gemini-2.com/usb-ethernet.html]
[gemini-2.com/web/L5V2_1serial.html]
[gemini-2.com/handcontroller_errors.html]
[gemini-2.com/hc/time_zone_offset_chart.html]
[gemini-2.com/hc/timezonefacts.html]
[gemini-2.com/images/gearboxmod/gearbox/newgearbox-motorside.jpg]
[gemini-2.com/images/gearboxmod/gearbox/oldgearbox-motorside.jpg]
[gemini-2.com/images/gearboxmod/gearbox/newgearbox-wormside.jpg]
[gemini-2.com/images/gearboxmod/gearbox/oldgearbox-wormside.jpg]
[gemini-2.com/Losmandy_New_Gearbox.html]
[gemini-2.com/images/gearboxmod/PB022422.jpg]
[gemini-2.com/images/gearboxmod/PB022422_small.jpg]
[gemini-2.com/images/gearboxmod/PB022423.jpg]
[gemini-2.com/images/gearboxmod/PB022423_small1.jpg]
[gemini-2.com/images/gearboxmod/PB022426.jpg]
[gemini-2.com/images/gearboxmod/PB022426_small.jpg]
[gemini-2.com/images/gearboxmod/PB022427.jpg]
[gemini-2.com/images/gearboxmod/PB022427_small.jpg]
[gemini-2.com/images/gearboxmod/PB022429.jpg]
[gemini-2.com/images/gearboxmod/PB022429_small.jpg]
[gemini-2.com/images/gearboxmod/PB022431.jpg]
[gemini-2.com/images/gearboxmod/PB022431_small.jpg]
[gemini-2.com/images/gearboxmod/PB022432.jpg]
[gemini-2.com/images/gearboxmod/PB022432_small.jpg]
[gemini-2.com/images/gearboxmod/PB022435.jpg]
[gemini-2.com/images/gearboxmod/PB022435_small.jpg]
[gemini-2.com/images/gearboxmod/PB022434.jpg]
[gemini-2.com/images/gearboxmod/PB022434_small.jpg]
[gemini-2.com/images/gearboxmod/PB032440.jpg]
[gemini-2.com/images/gearboxmod/PB032440_small.jpg]
[gemini-2.com/images/gearboxmod/PB032441.jpg]
[gemini-2.com/images/gearboxmod/PB032441_small.jpg]
[gemini-2.com/Gearbox_mod.html]
[gemini-2.com/Mclennan_Gearboxes.html]
[gemini-2.com/downloads/focusmax/focusmax-PoleAlignMaz.zip]
[gemini-2.com/downloads/KVYCam/SetupKVYcam.zip]
[gemini-2.com/downloads/VBScript_Examples.238.delayed]
[gemini-2.com/all-links.html]
[gemini-2.com/inside_HC_Ver_2.html]
[gemini-2.com/gemini-images/Images/handcontrollerfront_small.jpg]
[gemini-2.com/gemini-images/Images/HC_rear_s.jpg]
[gemini-2.com/gemini-images/Images/thunbnails/HC_rear_s_small.jpg]
[gemini-2.com/stickybuttons.html]
[gemini-2.com/gemini-images/gemini2-version2/Gem_mini_cover1.jpg]
[gemini-2.com/gemini-images/gemini2-version2/thumbnails/Gem_mini_cover-small.jpg]
[gemini-2.com/gemini-images/gemini2-version2/Gem_mini_open1.jpg]
[gemini-2.com/gemini-images/gemini2-version2/thumbnails/Gem_mini_open-small.jpg]
[gemini-2.com/gemini-V2-pics.html]
[gemini-2.com/handcontrollerfront.html]
[gemini-2.com/gemini-images/MainImages/MainUintCoverV.jpg]
[gemini-2.com/gemini-images/MainImages/MainUintCoverV_small.jpg]
[gemini-2.com/gemini-images/Images/G2-900Wx1279H.jpg]
[gemini-2.com/gemini-images/installmanual/G2-900Wx1279H_small.jpg]
[gemini-2.com/gemini-V1-pics.html]
[gemini-2.com/lat_long_from_address.html]
[gemini-2.com/web/images/thumbnails/NIST_time_servers_small1.jpg]
[gemini-2.com/web/images/NIST_time_servers.jpg]
[gemini-2.com/web/NTPtime/NTP_Time.zip]
[gemini-2.com/registryeditNPT.html]
[gemini-2.com/web/web-NTP.html]
[gemini-2.com/ajxmenu_bottom.css]
[gemini-2.com/cables/Losmandy Motor Connector.jpg]
[gemini-2.com/Losmandy_Made_Cable.html]
[gemini-2.com/gemini-images/Images/492_HC_1.jpg]
[gemini-2.com/gemini-images/Images/492_HC_1_small.jpg]
[gemini-2.com/ClassicHandController.html]
[gemini-2.com/warning.html]
[gemini-2.com/web/ajxmenu_bottom_files/index.html]
[gemini-2.com/hc/E018.html]
[gemini-2.com/hc/En-limits-safety_Eastern.html]
[gemini-2.com/hc/En-limits-safety_Western.html]
[gemini-2.com/hc/En-Images/En-safetylimit.jpg]
[gemini-2.com/hc/En-limits-safety.html]
[gemini-2.com/hc/E020.html]
[gemini-2.com/hc/En-Images/En-hc_mode.jpg]
[gemini-2.com/hc/En-hcmode.html]
[gemini-2.com/_/hc/En-limits-safety.html]
[gemini-2.com/web/images/modeling-E1.jpg]
[gemini-2.com/web/web-modeling.html]
[gemini-2.com/paa.html]
[gemini-2.com/web/images/motor.jpg]
[gemini-2.com/web/web-motor.html]
[gemini-2.com/hc/E019.html]
[gemini-2.com/hc/En-limits-safety_goto.html]
[gemini-2.com/quickstart/Installing_ASCOM.html]
[gemini-2.com/quickstart/Gemini2_drivers/GeminiTelescopeInstaller(1.0.72.0).html]
[gemini-2.com/quickstart/configuringASCOMfirsttime.html]
[gemini-2.com/quickstart/Gemini2_drivers/Gemini_Telescope_Net_Installation_and_Operation.html]
[gemini-2.com/quickstart/configuringEthernetASCOMdriver.html]
[gemini-2.com/quickstart/DCOM-FIX-EXPLAIN.html]
[gemini-2.com/quickstart/downloads/USV_View/usbdeview.html]
[gemini-2.com/hc/En-Images/En-safetylimit-goto.jpg]
[gemini-2.com/quickstart/images/screenalign-1.jpg]
[gemini-2.com/quickstart/screenalign-1.html]
[gemini-2.com/quickstart/gemini-2.html]
[gemini-2.com/quickstart/ajxmenu_bottom.css]
[gemini-2.com/hc/Installing_ASCOM.html]
[gemini-2.com/hc/Gemini2_drivers/GeminiTelescopeInstaller(1.0.72.0).html]
[gemini-2.com/hc/configuringASCOMfirsttime.html]
[gemini-2.com/hc/Gemini2_drivers/Gemini_Telescope_Net_Installation_and_Operation.html]
[gemini-2.com/hc/configuringEthernetASCOMdriver.html]
[gemini-2.com/hc/DCOM-FIX-EXPLAIN.html]
[gemini-2.com/hc/downloads/USV_View/usbdeview.html]
[gemini-2.com/hc/E002.html]
[gemini-2.com/hc/En-Images/E001-QuickstartPushed.jpg]
[gemini-2.com/hc/index - QSpushed.html]
[gemini-2.com/hc/En-Images/E001 - Coldstpushed.jpg]
[gemini-2.com/hc/index - Coldpushed.html]
[gemini-2.com/hc/En-Images/E001-warmstartpushed.jpg]
[gemini-2.com/hc/index - WarmStpushed .html]
[gemini-2.com/hc/En-Images/E001-WarmRestartpushed.jpg]
[gemini-2.com/hc/index - WarmRestPushed.html]
[gemini-2.com/hc/gemini-2.css]
[gemini-2.com/hc/ajxmenu_bottom.css]
[gemini-2.com/hc/E012.html]
[gemini-2.com/hc/En-catalog_tour.html]
[gemini-2.com/hc/E003.html]
[gemini-2.com/alt-alignment4.html]
[gemini-2.com/gemini-images/alt-alignment/P20.jpg]
[gemini-2.com/alt-alignment3.html]
[gemini-2.com/alt-alignment2.html]
[gemini-2.com/gemini-images/alt-alignment/P5.jpg]
[gemini-2.com/alt-alignment1.html]
[gemini-2.com/web/L5V1serial.html]
[gemini-2.com/gemini-images/Win10/Winkey.jpg]
[gemini-2.com/win10_shortcut_keys.html]
[gemini-2.com/web/images/network-change-mac.jpg]
[gemini-2.com/web/web-network_change_mac.html]
[gemini-2.com/gemini-images/HandcontrollerImages/uploadingnewfirmware.jpg]
[gemini-2.com/gemini-images/HandcontrollerImages/HC_Flashing.jpg]
[gemini-2.com/hcfirmwareflashexample.html]
[gemini-2.com/hc-English/En-SAE-01.html]
[gemini-2.com/web/Installing_ASCOM.html]
[gemini-2.com/web/Gemini2_drivers/GeminiTelescopeInstaller(1.0.72.0).html]
[gemini-2.com/web/configuringASCOMfirsttime.html]
[gemini-2.com/web/Gemini2_drivers/Gemini_Telescope_Net_Installation_and_Operation.html]
[gemini-2.com/web/configuringEthernetASCOMdriver.html]
[gemini-2.com/web/DCOM-FIX-EXPLAIN.html]
[gemini-2.com/web/downloads/USV_View/usbdeview.html]
[gemini-2.com/web/images/state.jpg]
[gemini-2.com/web/web-state-cgi.html]
[gemini-2.com/web/web-hand-control.html]
[gemini-2.com/web/web-functions.html]
[gemini-2.com/web/images/functions.jpg]
[gemini-2.com/web/images/objects.jpg]
[gemini-2.com/web/images/objects1.jpg]
[gemini-2.com/web/web-objects.html]
[gemini-2.com/web/images/mount.jpg]
[gemini-2.com/web/default_gearing_setting.html]
[gemini-2.com/hc/En-limits.html]
[gemini-2.com/web/web-mount.html]
[gemini-2.com/web/web-HCfirmware.html]
[gemini-2.com/web/web-sdcard.html]
[gemini-2.com/web/images/sdcard.jpg]
[gemini-2.com/web/images/flash.jpg]
[gemini-2.com/web/web-flash.html]
[gemini-2.com/web/images/access.jpg]
[gemini-2.com/web/web-access.html]
[gemini-2.com/web/images/serial.jpg]
[gemini-2.com/web/web-serial-ports.html]
[gemini-2.com/web/web-statistics.html]
[gemini-2.com/web/images/statistics.jpg]
[gemini-2.com/videos/SPEED_CONTROL.mp4]
[gemini-2.com/videos/POLAR SCOPE ILLUMINATOR.mp4]
[gemini-2.com/web/Web-video-nightmode.html]
[gemini-2.com/web/images/video-page-daymode.jpg]
[gemini-2.com/web/Web-video.html]
[gemini-2.com/web/mhc_disclaimer.html]
[gemini-2.com/web/images/msc_disclamer-daymode.jpg]
[gemini-2.com/web/images/index-nightmode.jpg]
[gemini-2.com/web/index-nightmode.html]
[gemini-2.com/gemini-images/LimitSwitches/safety-limit-eastern.jpg]
[gemini-2.com/limits-safety_Eastern.html]
[gemini-2.com/gemini-images/LimitSwitches/safetylimit-western.jpg]
[gemini-2.com/limits-safety_Western.html]
[gemini-2.com/limits-safety_goto.html]
[gemini-2.com/gemini-images/LimitSwitches/safetylimit-goto.jpg]
[gemini-2.com/hc/E023.html]
[gemini-2.com/hc/E014.html]
[gemini-2.com/hc/E014b.html]
[gemini-2.com/downloads/CGICodes/CGIcodes.txt]
[gemini-2.com/hc/En-hcdisplay.html]
[gemini-2.com/hc/En-Images/Battery-below-2_7V.jpg]
[gemini-2.com/hc/En-Images/Battery-below-2_5V.jpg]
[gemini-2.com/hc/En-balance.html]
[gemini-2.com/firmware-changes.html]
[gemini-2.com/hc/En-Images/E020B.jpg]
[gemini-2.com/hc/E020A.html]
[gemini-2.com/gemini-images/semiautomaticmodel/fig_1.jpg]
[gemini-2.com/gemini-images/semiautomaticmodel/fig_2.jpg]
[gemini-2.com/gemini-images/semiautomaticmodel/fig_3.jpg]
[gemini-2.com/gemini-images/semiautomaticmodel/fig_4.jpg]
[gemini-2.com/gemini-images/semiautomaticmodel/fig_5.jpg]
[gemini-2.com/gemini-images/semiautomaticmodel/fig_6.jpg]
[gemini-2.com/gemini-images/semiautomaticmodel/fig_8.jpg]
[gemini-2.com/gemini-images/semiautomaticmodel/fig_7.jpg]
[gemini-2.com/gemini-images/semiautomaticmodel/fig_9.jpg]
[gemini-2.com/gemini-images/semiautomaticmodel/fig_10.jpg]
[gemini-2.com/gemini-images/semiautomaticmodel/fig_11.jpg]
[gemini-2.com/gemini-images/semiautomaticmodel/fig_12.jpg]
[gemini-2.com/gemini-images/semiautomaticmodel/fig_13.jpg]
[gemini-2.com/gemini-images/semiautomaticmodel/fig_14.jpg]
[gemini-2.com/gemini-images/semiautomaticmodel/fig_15.jpg]
[gemini-2.com/gemini-images/semiautomaticmodel/fig_15b.jpg]
[gemini-2.com/gemini-images/semiautomaticmodel/fig_16.jpg]
[gemini-2.com/gemini-images/semiautomaticmodel/fig_17.jpg]
[gemini-2.com/gemini-images/semiautomaticmodel/fig_18.jpg]
[gemini-2.com/gemini-images/semiautomaticmodel/fig_20.jpg]
[gemini-2.com/semi-automatic-alignment-procedure.html]
[gemini-2.com/hc/En-SAE-03.html]
[gemini-2.com/hc/En-Images/En-SAE-2S.jpg]
[gemini-2.com/hc/En-SAE-02.html]
[gemini-2.com/hc/En-SAW-02.html]
[gemini-2.com/hc/En-Images/En-SAW-1.jpg]
[gemini-2.com/hc/En-SAW-01.html]
[gemini-2.com/hc/E026B.html]
[gemini-2.com/hc/En-Images/E026A.jpg]
[gemini-2.com/hc/E026A.html]
[gemini-2.com/hc/E028.html]
[gemini-2.com/hc/E004-GUIDE.html]
[gemini-2.com/hc/E004_coordinate.html]
[gemini-2.com/hc/En-Images/E004-coordinates.jpg]
[gemini-2.com/hc/E004.html]
[gemini-2.com/faqG2.html]
[gemini-2.com/Explorer_version/gemini-firmware-upgrade3.html]
[gemini-2.com/gemini-images/FTP/combined/combined1.jpg]
[gemini-2.com/gemini-images/FTP/combined/combined2.jpg]
[gemini-2.com/gemini-images/FTP/combined/ftp-into-gemini-link.jpg]
[gemini-2.com/FileExplorer-Win7-XP.html]
[gemini-2.com/gemini-images/FTP/combined/permission-to-replace.jpg]
[gemini-2.com/gemini-images/FTP/filezilla/gemini-login.jpg]
[gemini-2.com/gemini-images/5_1/image13.jpg]
[gemini-2.com/gemini-images/FTP/filezilla/gemini-firmware.jpg]
[gemini-2.com/gemini-images/FTP/filezilla/Please-wait.jpg]
[gemini-2.com/gemini-images/FTP/filezilla/Please-wait_small.jpg]
[gemini-2.com/gemini-images/FTP/filezilla/flashed-main.jpg]
[gemini-2.com/gemini-images/FTP/combined/hc-catalogs-1.jpg]
[gemini-2.com/gemini-images/FTP/combined/hc-catalogs-2.jpg]
[gemini-2.com/gemini-images/FTP/combined/hc-catalogs-3.jpg]
[gemini-2.com/gemini-images/FTP/combined/hc-catalogs-4.jpg]
[gemini-2.com/updateFileExplorer.html]
[gemini-2.com/firmware1/NewGem-gem-hd-3-Oct-2013.zip]
[gemini-2.com/Newgem-gemhx-only/Newgem-gemhc-only.html]
[gemini-2.com/installing-filezillaftp.html]
[gemini-2.com/GeminiFirmware_movie/gemini-firmware-upgrade.html]
[gemini-2.com/GeminiFirmware_movie/gemini-firmware-upgrade.exe]
[gemini-2.com/using_filezilla-IE-file-save.html]
[gemini-2.com/using_filezilla-firefox-file-save.html]
[gemini-2.com/gemini-images/FTP/filezilla/chome-File-save.jpg]
[gemini-2.com/gemini-images/FTP/filezilla/Filezilla15.jpg]
[gemini-2.com/gemini-images/FTP/filezilla/thumbnails/Filezilla15_small1.jpg]
[gemini-2.com/gemini-images/FTP/filezilla/extract-combined-to-here.jpg]
[gemini-2.com/gemini-images/FTP/filezilla/more-options.jpg]
[gemini-2.com/gemini-images/FTP/filezilla/Filezilla18.jpg]
[gemini-2.com/gemini-images/FTP/filezilla/thumbnails/Filezilla18_small1.jpg]
[gemini-2.com/gemini-images/FTP/filezilla/Filezilla13.jpg]
[gemini-2.com/gemini-images/FTP/filezilla/set-filezilla-to-c-gemini-2.jpg]
[gemini-2.com/gemini-images/FTP/filezilla/set-filezilla-to-c-gemini-2_small.jpg]
[gemini-2.com/gemini-images/FTP/filezilla/delete-old-NewGem.jpg]
[gemini-2.com/gemini-images/FTP/filezilla/filezilla-selected-files.jpg]
[gemini-2.com/gemini-images/FTP/filezilla/Filezilla-over-write.jpg]
[gemini-2.com/gemini-images/FTP/filezilla/transfer-failed.jpg]
[gemini-2.com/gemini-images/FTP/filezilla/hcuploaded-withoutcatalogs.jpg]
[gemini-2.com/gemini-images/FTP/filezilla/open-catalogs-directory.jpg]
[gemini-2.com/privacy.php]
[gemini-2.com/installing_level5_Vesion1.html]
[gemini-2.com/gemini-images/firmware_update/SDFormatter.jpg]
[gemini-2.com/gemini-images/firmware_update/beforeunzip.jpg]
[gemini-2.com/gemini-images/firmware_update/after_unzip.jpg]
[gemini-2.com/gemini-images/firmware_update/extracted_firmware.jpg]
[gemini-2.com/rebuildmainSDcardfirmware.html]
[gemini-2.com/gemini-images/firmware_update/HCsdcard/hcdownloaded-files.jpg]
[gemini-2.com/gemini-images/firmware_update/HCsdcard/hcdownloaded-files-deletedzip.jpg]
[gemini-2.com/rebuildhcSDcardfirmwareup.html]
[gemini-2.com/gemini-images/gps/Android/gpsstatusicon.jpg]
[gemini-2.com/gemini-images/gps/Android/mainpage.jpg]
[gemini-2.com/gemini-images/gps/Android/page1.jpg]
[gemini-2.com/gemini-images/gps/Android/page3.jpg]
[gemini-2.com/androidgps.html]
[gemini-2.com/lat_long_from_address_hc.html]
[gemini-2.com/hc/En-Images/E006.jpg]
[gemini-2.com/hc/E006A.html]
[gemini-2.com/hc/math-DD-to-DMS.html]
[gemini-2.com/hc/En-Images/E007.jpg]
[gemini-2.com/hc/E007A.html]
[gemini-2.com/hc/En-Images/E009.jpg]
[gemini-2.com/hc/E009A.html]
[gemini-2.com/hc/En-Images/EN-system.jpg]
[gemini-2.com/hc/En-system.html]
[gemini-2.com/hc/E019H.html]
[gemini-2.com/hc/En-Images/E019H.jpg]
[gemini-2.com/hc/En-Images/E019B.jpg]
[gemini-2.com/hc/E019B.html]
[gemini-2.com/hc/En-Images/E019S.jpg]
[gemini-2.com/hc/E019S.html]
[gemini-2.com/hc/E009C.html]
[gemini-2.com/hc/xweb-popup.js]
[gemini-2.com/hc/En-Images/E010.jpg]
[gemini-2.com/hc/E010A.html]
[gemini-2.com/hc/En-Images/E011.jpg]
[gemini-2.com/hc/E011A.html]
[gemini-2.com/using-gps-receivers.html]
[gemini-2.com/hc/En-networkmenu.html]
[gemini-2.com/hc/En-Images/En-ipentrymenu.jpg]
[gemini-2.com/hc/En-IPsettingmenu.html]
[gemini-2.com/hc/En-Images/En-netmask.jpg]
[gemini-2.com/hc/En-IPnetmask.html]
[gemini-2.com/hc/En-Images/En-network_defaultgateway.jpg]
[gemini-2.com/hc/En-IPdefaultgateway.html]
[gemini-2.com/hc/En-Images/En-network_DNSserver.jpg]
[gemini-2.com/hc/En-IPDNSserver.html]
[gemini-2.com/lat_long_from_address_web.html]
[gemini-2.com/web/timezonefacts.html]
[gemini-2.com/web/math-DD-to-DMS.html]
[gemini-2.com/_http_/www.fettesps.com/how-to-remove-com-ports-which-are-in-use/index.html]
[gemini-2.com/pcb/SRAM-and-RTC-ICs-image-w-txt.jpg]
[gemini-2.com/pcb/SRAM-and-RTC-ICs-image-w-txt_small.jpg]
[gemini-2.com/Gemini1-early-mods.html]
[gemini-2.com/faq.html]
[gemini-2.com/clientscript/yui/yuiloader-dom-event/yuiloader-dom-event.2ebc0a0.delayed]
[gemini-2.com/clientscript/yui/connection/connection-minc0a0.js]
[gemini-2.com/showthread7628.php]
[gemini-2.com/DCOM_Reported_Problems_files/vbulletin-core.js]
[gemini-2.com/DCOM_Reported_Problems_files/css.css]
[gemini-2.com/showthreadae69.php]
[gemini-2.com/DCOM_Reported_Problems_files/vbulletin_lightbox.js]
[gemini-2.com/DCOM_Reported_Problems_files/css(1).css]
[gemini-2.com/DCOM_Reported_Problems_files/css(2).css]
[gemini-2.com/DCOM_Reported_Problems_files/css(3).css]
[gemini-2.com/DCOM_Reported_Problems_files/logo.gif]
[gemini-2.com/DCOM_Reported_Problems_files/searchButton_left.gif]
[gemini-2.com/DCOM_Reported_Problems_files/vbulletin_md5.js]
[gemini-2.com/DCOM_Reported_Problems_files/loginButton.gif]
[gemini-2.com/DCOM_Reported_Problems_files/navbit-home.png]
[gemini-2.com/clear.gif]
[gemini-2.com/DCOM_Reported_Problems_files/vbulletin_thrdpostlist.js]
[gemini-2.com/showthread16f0.php]
[gemini-2.com/showthreadd84e.php]
[gemini-2.com/showthread4883.php]
[gemini-2.com/showthread024d.php]
[gemini-2.com/DCOM_Reported_Problems_files/sortdesc.png]
[gemini-2.com/DCOM_Reported_Problems_files/sortasc.png]
[gemini-2.com/DCOM_Reported_Problems_files/bob.jpg]
[gemini-2.com/DCOM_Reported_Problems_files/user-offline.png]
[gemini-2.com/DCOM_Reported_Problems_files/icon1.png]
[gemini-2.com/DCOM_Reported_Problems_files/Snap1.jpg]
[gemini-2.com/DCOM_Reported_Problems_files/Snap3.jpg]
[gemini-2.com/DCOM_Reported_Problems_files/progress.gif]
[gemini-2.com/DCOM_Reported_Problems_files/collapse_40b.png]
[gemini-2.com/DCOM_Reported_Problems_files/cron.gif]
[gemini-2.com/DCOM_Reported_Problems_files/footerLogo.gif]
[gemini-2.com/DCOM_Reported_Problems.html]
[gemini-2.com/showthread8535.php]
[gemini-2.com/showthreadaca7.php]
[gemini-2.com/showthreadda11.php]
[gemini-2.com/DCOM_Fix/clear.gif]
[gemini-2.com/DCOM_Fix/post_old.png]
[gemini-2.com/DCOM_Fix/tree_t.gif]
[gemini-2.com/DCOM_Fix/tree_ltr.gif]
[gemini-2.com/DCOM_Fix/sortdesc.png]
[gemini-2.com/DCOM_Fix/sortasc.png]
[gemini-2.com/DCOM_Fix/user-offline.png]
[gemini-2.com/DCOM_Fix/icon1.png]
[gemini-2.com/DCOM_Fix.html]
[gemini-2.com/downloads/VBscripts/parktelescope.zip]
[gemini-2.com/script_parktelescope.html]
[gemini-2.com/downloads/VBscripts/VBScript_Examples.pdf]
[gemini-2.com/downloads/VBscripts/PEC_on.zip]
[gemini-2.com/Script_Pec.html]
[gemini-2.com/downloads/VBscripts/terrestrial.zip]
[gemini-2.com/Script_terrestrial_mode.html]
[gemini-2.com/downloads/VBscripts/EmergencyStop.zip]
[gemini-2.com/Script_EmergencyStop.html]
[gemini-2.com/downloads/VBScript_Examples.html]
[gemini-2.com/vista_mods.php]
[gemini-2.com/gemini-images/featureport-serial/PC182520.JPG]
[gemini-2.com/HC-V2-pictures.html]
[gemini-2.com/gemini-images/handcontroller2/newhandcontroller.jpg]
[gemini-2.com/inside_HC_Ver_2.html]
[gemini-2.com/hc/En-hcbuttons.html]
[gemini-2.com/stickybuttons.html]
[gemini-2.com/InsideHandController-V1.html]
[gemini-2.com/gemini-images/Images/handcontrollerfront.jpg]
[gemini-2.com/handcontrollerfront.html]
[gemini-2.com/gemini-images/NPTEdit/NPT1.jpg]
[gemini-2.com/gemini-images/NPTEdit/NPT2.jpg]
[gemini-2.com/gemini-images/NPTEdit/NPT3.jpg]
[gemini-2.com/gemini-images/NPTEdit/NPT4.jpg]
[gemini-2.com/gemini-images/NPTEdit/NPT5.jpg]
[gemini-2.com/gemini-images/NPTEdit/NPT6.jpg]
[gemini-2.com/gemini-images/NPTEdit/NPT7.jpg]
[gemini-2.com/gemini-images/NPTEdit/NPT11.jpg]
[gemini-2.com/gemini-images/NPTEdit/NPT12.jpg]
[gemini-2.com/gemini-images/NPTEdit/NPT9.jpg]
[gemini-2.com/registryeditNPT.html]
[gemini-2.com/hc/En-customgearing.html]
[gemini-2.com/hc/En-tvcmenu.html]
[gemini-2.com/hc/En-mounttype.html]
[gemini-2.com/hc/En-startup-default-ask_if_possible.html]
[gemini-2.com/hc/En-pec_train.html]
[gemini-2.com/hc/E018a.html]
[gemini-2.com/hc/E018.html]
[gemini-2.com/hc/En-Images/En-safety-limit-eastern.jpg]
[gemini-2.com/hc/En-limits-safety_Eastern.html]
[gemini-2.com/hc/En-Images/En-safetylimit-western.jpg]
[gemini-2.com/hc/En-limits-safety_Western.html]
[gemini-2.com/hc/En-hclanguage.html]
[gemini-2.com/hc/En-hc_SDcard.html]
[gemini-2.com/hc/En-Images/E020.jpg]
[gemini-2.com/hc/E020.html]
[gemini-2.com/quickstart/screenalign-2.php]
[gemini-2.com/hc/E005.html]
[gemini-2.com/hc/En-Images/E002.jpg]
[gemini-2.com/hc/E002.html]
[gemini-2.com/hc/ajxmenu_bottom.css]
[gemini-2.com/hc/E022.html]
[gemini-2.com/hc/E021.html]
[gemini-2.com/hc/E015.html]
[gemini-2.com/hc/E016.html]
[gemini-2.com/hc/E017.html]
[gemini-2.com/hc/E013.html]
[gemini-2.com/hc/En-Images/EN-Main-V5_2.jpg]
[gemini-2.com/hc/E012.html]
[gemini-2.com/hc/En-catalog_tour_bsl.html]
[gemini-2.com/hc/En-Images/En-catalog_tour__1_.jpg]
[gemini-2.com/hc/En-catalog_tour.html]
[gemini-2.com/alt-alignment4.html]
[gemini-2.com/gemini-images/alt-alignment/P6.jpg]
[gemini-2.com/gemini-images/alt-alignment/P9.jpg]
[gemini-2.com/gemini-images/alt-alignment/P13.jpg]
[gemini-2.com/gemini-images/alt-alignment/P14.jpg]
[gemini-2.com/alt-alignment2.html]
[gemini-2.com/web/default_gearing_setting.html]
[gemini-2.com/web/images/hand-controller.jpg]
[gemini-2.com/hc/En-Images/limitsN_small.jpg]
[gemini-2.com/hc/En-Images/N114D.jpg]
[gemini-2.com/hc/En-Images/N123D.jpg]
[gemini-2.com/hc/En-Images/limitsS_small.jpg]
[gemini-2.com/hc/En-Images/S114D.jpg]
[gemini-2.com/hc/En-Images/S123D.jpg]
[gemini-2.com/hc/En-Images/SetSafetyLimits_small.jpg]
[gemini-2.com/hc/En-limits.html]
[gemini-2.com/web/web-HCfirmware.html]
[gemini-2.com/web/images/video-page-nightmode.jpg]
[gemini-2.com/web/Web-video-nightmode.html]
[gemini-2.com/hc/E023.html]
[gemini-2.com/hc/E014a.html]
[gemini-2.com/hc/En-Images/En-Sleep-telescope.jpg]
[gemini-2.com/hc/E014.html]
[gemini-2.com/hc/En-Images/En-park_modes.jpg]
[gemini-2.com/hc/E014b.html]
[gemini-2.com/hc/En-hcdisplay_rotate.html]
[gemini-2.com/hc/En-Images/En-hc_display_menu.jpg]
[gemini-2.com/hc/En-default_color_setting.html]
[gemini-2.com/hc/En-hcdisplay.html]
[gemini-2.com/hc/En-Images/EN-balance.jpg]
[gemini-2.com/servo_programmer.html]
[gemini-2.com/hc/En-Images/EN-DEC-balance.jpg]
[gemini-2.com/hc/En-Images/EN-RA-balance.jpg]
[gemini-2.com/hc/En-balance.html]
[gemini-2.com/hc/En-SAE-04.html]
[gemini-2.com/hc/En-Images/En-SAE-3.jpg]
[gemini-2.com/hc/En-SAE-03.html]
[gemini-2.com/hc/En-SAW-03.html]
[gemini-2.com/hc/En-Images/En-SAW-2S.jpg]
[gemini-2.com/hc/En-SAW-02.html]
[gemini-2.com/hc/E028C.html]
[gemini-2.com/hc/En-Images/E026B.jpg]
[gemini-2.com/hc/E026B.html]
[gemini-2.com/hc/En-goto-catalogs-list.html]
[gemini-2.com/hc/En-goto-solarsystemmenu.html]
[gemini-2.com/hc/En-goto-coordinatemenu.html]
[gemini-2.com/hc/E024.html]
[gemini-2.com/hc/En-goto-bookmark.html]
[gemini-2.com/hc/E028.html]
[gemini-2.com/hc/En-Images/E028.jpg]
[gemini-2.com/hc/E004-SLEW.html]
[gemini-2.com/hc/En-Images/E004-guide.jpg]
[gemini-2.com/hc/E004-GUIDE.html]
[gemini-2.com/hc/E004_coordinate.html]
[gemini-2.com/Explorer_version/gemini-firmware-upgrade3.swf]
[gemini-2.com/Explorer_version/gemini-firmware-upgrade3.html]
[gemini-2.com/Explorer_version/gemini-firmware-upgrade3.js]
[gemini-2.com/gemini-images/FTP/combined/combined-Win7.jpg]
[gemini-2.com/gemini-images/FTP/combined/combined-XP.jpg]
[gemini-2.com/FileExplorer-Win7-XP.html]
[gemini-2.com/firmware1/NewGem-gem-hd-3-Oct-2013.html]
[gemini-2.com/Newgem-gemhx-only/Newgem-gemhc-only.swf]
[gemini-2.com/Newgem-gemhx-only/Newgem-gemhc-only.html]
[gemini-2.com/Newgem-gemhx-only/Newgem-gemhc-only.js]
[gemini-2.com/gemini-images/FTP/filezilla/Filezilla1.jpg]
[gemini-2.com/gemini-images/FTP/filezilla/thumbnails/Filezilla1_small.jpg]
[gemini-2.com/gemini-images/FTP/filezilla/Filezilla2.jpg]
[gemini-2.com/gemini-images/FTP/filezilla/thumbnails/Filezilla2_small.jpg]
[gemini-2.com/gemini-images/FTP/filezilla/Filezilla3.jpg]
[gemini-2.com/gemini-images/FTP/filezilla/thumbnails/Filezilla3_small.jpg]
[gemini-2.com/gemini-images/FTP/filezilla/Filezilla4.jpg]
[gemini-2.com/gemini-images/FTP/filezilla/thumbnails/Filezilla4_small.jpg]
[gemini-2.com/gemini-images/FTP/filezilla/Filezilla5.jpg]
[gemini-2.com/gemini-images/FTP/filezilla/Filezilla6.jpg]
[gemini-2.com/gemini-images/FTP/filezilla/Filezilla7.jpg]
[gemini-2.com/gemini-images/FTP/filezilla/Filezilla8.jpg]
[gemini-2.com/gemini-images/FTP/filezilla/Filezilla9.jpg]
[gemini-2.com/gemini-images/FTP/filezilla/Filezilla10.jpg]
[gemini-2.com/gemini-images/FTP/filezilla/Filezilla11.jpg]
[gemini-2.com/gemini-images/Routers/Filezilla11_small.jpg]
[gemini-2.com/gemini-images/FTP/filezilla/Filezilla12.jpg]
[gemini-2.com/gemini-images/FTP/filezilla/Filezilla14.jpg]
[gemini-2.com/gemini-images/FTP/filezilla/thumbnails/Filezilla14_small.jpg]
[gemini-2.com/installing-filezillaftp.html]
[gemini-2.com/GeminiFirmware_movie/gemini-firmware-upgrade.swf]
[gemini-2.com/GeminiFirmware_movie/gemini-firmware-upgrade.html]
[gemini-2.com/GeminiFirmware_movie/gemini-firmware-upgrade.js]
[gemini-2.com/gemini-images/FTP/filezilla/IE-File-save.jpg]
[gemini-2.com/gemini-images/FTP/filezilla/Firefox-browse-to-save-location.jpg]
[gemini-2.com/using_filezilla-IE-file-save.html]
[gemini-2.com/gemini-images/FTP/filezilla/Firefox-File-save.jpg]
[gemini-2.com/using_filezilla-firefox-file-save.html]
[gemini-2.com/privacy.html]
[gemini-2.com/hc/math-DD-to-DMS.html]
[gemini-2.com/hc/En-networkmenu.html]
[gemini-2.com/clientscript/yui/yuiloader-dom-event/yuiloader-dom-eventc0a0.html]
[gemini-2.com/clientscript/yui/connection/connection-minc0a0.html]
[gemini-2.com/showthread7628.html]
[gemini-2.com/gemini-images/gps/Android/page2.jpg]
[gemini-2.com/DCOM_Reported_Problems_files/images/styles/RoyalFlush/misc/quote-left.png]
[gemini-2.com/DCOM_Reported_Problems_files/images/styles/RoyalFlush/misc/pencil.png]
[gemini-2.com/DCOM_Reported_Problems_files/images/styles/RoyalFlush/editor/sprite.png]
[gemini-2.com/DCOM_Reported_Problems_files/clientscript/ckeditor/skins/kama/images/sprites.png]
[gemini-2.com/DCOM_Reported_Problems_files/images/styles/RoyalFlush/misc/black_downward_arrow.png]
[gemini-2.com/DCOM_Reported_Problems_files/images/styles/RoyalFlush/site_icons/profile.png]
[gemini-2.com/DCOM_Reported_Problems_files/images/styles/RoyalFlush/site_icons/forum.png]
[gemini-2.com/DCOM_Reported_Problems_files/images/styles/RoyalFlush/site_icons/message.png]
[gemini-2.com/DCOM_Reported_Problems_files/images/styles/RoyalFlush/site_icons/blog.png]
[gemini-2.com/DCOM_Reported_Problems_files/images/styles/RoyalFlush/site_icons/homepage.png]
[gemini-2.com/DCOM_Reported_Problems_files/images/styles/RoyalFlush/site_icons/article.png]
[gemini-2.com/DCOM_Reported_Problems_files/images/styles/RoyalFlush/site_icons/add.png]
[gemini-2.com/DCOM_Reported_Problems_files/images/styles/RoyalFlush/site_icons/email.png]
[gemini-2.com/DCOM_Reported_Problems_files/images/styles/RoyalFlush/style/pageBG.gif]
[gemini-2.com/DCOM_Reported_Problems_files/images/gradients/generic_button.png]
[gemini-2.com/DCOM_Reported_Problems_files/images/buttons/newbtn_middle.png]
[gemini-2.com/DCOM_Reported_Problems_files/images/gradients/gradient-greytowhite.png]
[gemini-2.com/DCOM_Reported_Problems_files/images/styles/RoyalFlush/style/navBG.gif]
[gemini-2.com/DCOM_Reported_Problems_files/images/styles/RoyalFlush/style/navBG_hover.gif]
[gemini-2.com/DCOM_Reported_Problems_files/images/styles/RoyalFlush/misc/arrow.png]
[gemini-2.com/DCOM_Reported_Problems_files/images/styles/RoyalFlush/misc/navbit-arrow-right.png]
[gemini-2.com/DCOM_Reported_Problems_files/images/styles/RoyalFlush/style/buttonBG.gif]
[gemini-2.com/DCOM_Reported_Problems_files/images/styles/RoyalFlush/style/buttonBG_hover.gif]
[gemini-2.com/DCOM_Reported_Problems_files/images/styles/RoyalFlush/rating/rating-15_3.png]
[gemini-2.com/DCOM_Reported_Problems_files/css.css]
[gemini-2.com/showthreadae69.html]
[gemini-2.com/DCOM_Reported_Problems_files/images/styles/RoyalFlush/rating/rating-15_0.png]
[gemini-2.com/DCOM_Reported_Problems_files/images/styles/RoyalFlush/rating/rating-15_5.png]
[gemini-2.com/DCOM_Reported_Problems_files/images/styles/RoyalFlush/rating/rating-15_4.png]
[gemini-2.com/DCOM_Reported_Problems_files/images/styles/RoyalFlush/rating/rating-15_2.png]
[gemini-2.com/DCOM_Reported_Problems_files/images/styles/RoyalFlush/rating/rating-15_1.png]
[gemini-2.com/DCOM_Reported_Problems_files/images/styles/RoyalFlush/rating/rating-15_4_left.png]
[gemini-2.com/DCOM_Reported_Problems_files/images/styles/RoyalFlush/rating/rating-15_3_left.png]
[gemini-2.com/DCOM_Reported_Problems_files/images/styles/RoyalFlush/rating/rating-15_2_left.png]
[gemini-2.com/DCOM_Reported_Problems_files/images/styles/RoyalFlush/rating/rating-15_1_left.png]
[gemini-2.com/DCOM_Reported_Problems_files/images/styles/RoyalFlush/buttons/firstnew.png]
[gemini-2.com/DCOM_Reported_Problems_files/images/styles/RoyalFlush/statusicon/post_old.png]
[gemini-2.com/DCOM_Reported_Problems_files/images/styles/RoyalFlush/statusicon/post_new.png]
[gemini-2.com/DCOM_Reported_Problems_files/images/styles/RoyalFlush/buttons/edit_40b.png]
[gemini-2.com/DCOM_Reported_Problems_files/images/styles/RoyalFlush/buttons/edit_40b-hover.png]
[gemini-2.com/DCOM_Reported_Problems_files/images/styles/RoyalFlush/buttons/reply_40b.png]
[gemini-2.com/DCOM_Reported_Problems_files/images/styles/RoyalFlush/buttons/reply_40b-hover.png]
[gemini-2.com/DCOM_Reported_Problems_files/images/styles/RoyalFlush/buttons/quote_40b.png]
[gemini-2.com/DCOM_Reported_Problems_files/images/styles/RoyalFlush/buttons/quote_40b-hover.png]
[gemini-2.com/DCOM_Reported_Problems_files/images/styles/RoyalFlush/buttons/multiquote-back_40b.png]
[gemini-2.com/DCOM_Reported_Problems_files/images/styles/RoyalFlush/buttons/multiquote_40b-hover.png]
[gemini-2.com/DCOM_Reported_Problems_files/images/styles/RoyalFlush/cms/promote_small.png]
[gemini-2.com/DCOM_Reported_Problems_files/images/styles/RoyalFlush/cms/promote_small-hover.png]
[gemini-2.com/DCOM_Reported_Problems_files/images/styles/RoyalFlush/buttons/add-infraction_sm.png]
[gemini-2.com/DCOM_Reported_Problems_files/images/styles/RoyalFlush/buttons/add-infraction_sm-hover.png]
[gemini-2.com/DCOM_Reported_Problems_files/images/styles/RoyalFlush/buttons/report-40b.png]
[gemini-2.com/DCOM_Reported_Problems_files/images/styles/RoyalFlush/buttons/report-40b-hover.png]
[gemini-2.com/DCOM_Reported_Problems_files/images/styles/RoyalFlush/misc/blog/blogpost_40b.png]
[gemini-2.com/DCOM_Reported_Problems_files/images/styles/RoyalFlush/misc/blog/blogpost_40b-hover.png]
[gemini-2.com/DCOM_Reported_Problems_files/images/styles/RoyalFlush/buttons/reputation-40b.png]
[gemini-2.com/DCOM_Reported_Problems_files/images/styles/RoyalFlush/buttons/reputation-40b-hover.png]
[gemini-2.com/DCOM_Reported_Problems_files/images/styles/RoyalFlush/buttons/ip-40b.png]
[gemini-2.com/DCOM_Reported_Problems_files/images/styles/RoyalFlush/buttons/ip-40b-hover.png]
[gemini-2.com/DCOM_Reported_Problems_files/images/styles/RoyalFlush/buttons/red-card_sm.png]
[gemini-2.com/DCOM_Reported_Problems_files/images/styles/RoyalFlush/buttons/red-card_sm-hover.png]
[gemini-2.com/DCOM_Reported_Problems_files/images/styles/RoyalFlush/buttons/yellow-card_sm.png]
[gemini-2.com/DCOM_Reported_Problems_files/images/styles/RoyalFlush/buttons/yellow-card_sm-hover.png]
[gemini-2.com/DCOM_Reported_Problems_files/images/styles/RoyalFlush/buttons/deleted_sm.png]
[gemini-2.com/DCOM_Reported_Problems_files/images/styles/RoyalFlush/buttons/deleted_sm-hover.png]
[gemini-2.com/DCOM_Reported_Problems_files/images/styles/RoyalFlush/buttons/android_icon.png]
[gemini-2.com/DCOM_Reported_Problems_files/images/styles/RoyalFlush/buttons/android_icon-hover.png]
[gemini-2.com/DCOM_Reported_Problems_files/images/styles/RoyalFlush/buttons/iphone_icon.png]
[gemini-2.com/DCOM_Reported_Problems_files/images/styles/RoyalFlush/buttons/iphone_icon-hover.png]
[gemini-2.com/DCOM_Reported_Problems_files/images/styles/RoyalFlush/buttons/facebook_icon.png]
[gemini-2.com/DCOM_Reported_Problems_files/images/styles/RoyalFlush/buttons/facebook_icon-hover.png]
[gemini-2.com/DCOM_Reported_Problems_files/images/misc/poll_question_mark.png]
[gemini-2.com/DCOM_Reported_Problems_files/css(1).css]
[gemini-2.com/DCOM_Reported_Problems_files/images/styles/RoyalFlush/style/pageBottomBG.gif]
[gemini-2.com/DCOM_Reported_Problems_files/images/styles/RoyalFlush/style/logoBox_left.gif]
[gemini-2.com/DCOM_Reported_Problems_files/images/styles/RoyalFlush/style/searchBox.gif]
[gemini-2.com/DCOM_Reported_Problems_files/images/styles/RoyalFlush/style/searchInput_left.gif]
[gemini-2.com/DCOM_Reported_Problems_files/images/styles/RoyalFlush/style/loginBoxBG.gif]
[gemini-2.com/DCOM_Reported_Problems_files/images/styles/RoyalFlush/style/loginBoxLeft.gif]
[gemini-2.com/DCOM_Reported_Problems_files/images/styles/RoyalFlush/style/loginBoxRight.gif]
[gemini-2.com/DCOM_Reported_Problems_files/images/styles/RoyalFlush/style/loginBoxInput.gif]
[gemini-2.com/DCOM_Reported_Problems_files/images/styles/RoyalFlush/style/contentBoxBG.gif]
[gemini-2.com/DCOM_Reported_Problems_files/images/styles/RoyalFlush/style/contentBoxLeftBG.gif]
[gemini-2.com/DCOM_Reported_Problems_files/images/styles/RoyalFlush/style/contentBoxRightBG.gif]
[gemini-2.com/DCOM_Reported_Problems_files/images/styles/RoyalFlush/style/contentBoxLeft.gif]
[gemini-2.com/DCOM_Reported_Problems_files/images/styles/RoyalFlush/style/contentBoxRight.gif]
[gemini-2.com/DCOM_Reported_Problems_files/images/styles/RoyalFlush/style/footerNav.gif]
[gemini-2.com/DCOM_Reported_Problems_files/images/styles/RoyalFlush/style/footerNavLeft.gif]
[gemini-2.com/DCOM_Reported_Problems_files/images/styles/RoyalFlush/style/footerNavRight.gif]
[gemini-2.com/DCOM_Reported_Problems_files/images/styles/RoyalFlush/style/footerNavSplit.gif]
[gemini-2.com/DCOM_Reported_Problems_files/images/styles/RoyalFlush/style/footerNav_Hover.gif]
[gemini-2.com/DCOM_Reported_Problems_files/images/styles/RoyalFlush/style/footerBarBG.gif]
[gemini-2.com/DCOM_Reported_Problems_files/images/styles/RoyalFlush/style/footerBarLeft.gif]
[gemini-2.com/DCOM_Reported_Problems_files/images/styles/RoyalFlush/style/footerBarRight.gif]
[gemini-2.com/DCOM_Reported_Problems_files/images/styles/RoyalFlush/style/topArrow.gif]
[gemini-2.com/DCOM_Reported_Problems_files/images/styles/RoyalFlush/style/footerBG.gif]
[gemini-2.com/DCOM_Reported_Problems_files/images/styles/RoyalFlush/style/navLeft_left.gif]
[gemini-2.com/DCOM_Reported_Problems_files/images/styles/RoyalFlush/style/navRight_left.gif]
[gemini-2.com/DCOM_Reported_Problems_files/images/styles/RoyalFlush/style/navSplit.gif]
[gemini-2.com/DCOM_Reported_Problems_files/images/styles/RoyalFlush/misc/arrow.gif]
[gemini-2.com/DCOM_Reported_Problems_files/images/styles/RoyalFlush/style/bcBG.gif]
[gemini-2.com/DCOM_Reported_Problems_files/images/styles/RoyalFlush/style/bcLeft.gif]
[gemini-2.com/DCOM_Reported_Problems_files/images/styles/RoyalFlush/style/bcRight.gif]
[gemini-2.com/DCOM_Reported_Problems_files/images/styles/RoyalFlush/style/tcatBG.3eb.delayed]
[gemini-2.com/DCOM_Reported_Problems_files/images/styles/RoyalFlush/style/tcatLeft.gif]
[gemini-2.com/DCOM_Reported_Problems_files/images/styles/RoyalFlush/style/tcatRight.gif]
[gemini-2.com/DCOM_Reported_Problems_files/images/styles/RoyalFlush/style/theadBG.gif]
[gemini-2.com/DCOM_Reported_Problems_files/images/styles/RoyalFlush/style/postfieldBG.gif]
[gemini-2.com/DCOM_Reported_Problems_files/images/styles/RoyalFlush/style/bottomBarBG.gif]
[gemini-2.com/DCOM_Reported_Problems_files/images/misc/blog/top-highlight.png]
[gemini-2.com/DCOM_Reported_Problems_files/css(2).css]
[gemini-2.com/DCOM_Reported_Problems_files/css(3).css]
[gemini-2.com/clear.html]
[gemini-2.com/showthread16f0.html]
[gemini-2.com/showthreadd84e.html]
[gemini-2.com/showthread4883.html]
[gemini-2.com/showthread024d.html]
[gemini-2.com/showthread8535.html]
[gemini-2.com/showthreadaca7.html]
[gemini-2.com/showthreadda11.html]
[gemini-2.com/vista_mods.php]
[gemini-2.com/DCOM_Reported_Problems_files/Snap2.jpg]
[gemini-2.com/gemini-images/handcontroller2/thumbnails/newhandcontroller_small.jpg]
[gemini-2.com/gemini-images/handcontroller2/Gem2HC_top1JPG.jpg]
[gemini-2.com/gemini-images/handcontroller2/thumbnails/Gem2HC_top1JPG_small.jpg]
[gemini-2.com/gemini-images/handcontroller2/Gem2HC_bottom1.jpg]
[gemini-2.com/gemini-images/handcontroller2/thumbnails/Gem2HC_bottom1_small.jpg]
[gemini-2.com/HC-V2-pictures.html]
[gemini-2.com/hc/En-Images/En-hc_button_flip.jpg]
[gemini-2.com/hc/En-hcbuttons.html]
[gemini-2.com/gemini-images/Images/InsideHandController-V1.jpg]
[gemini-2.com/InsideHandController-V1.html]
[gemini-2.com/hc/En-Images/En-customgearing.jpg]
[gemini-2.com/hc/En-customgearing.html]
[gemini-2.com/hc/En-Images/En-TVC.jpg]
[gemini-2.com/hc/En-tvcmenu.html]
[gemini-2.com/hc/En-Images/mounttype-g11T.png]
[gemini-2.com/hc/En-mounttype.html]
[gemini-2.com/hc/En-startup-restarting-ask_if_possible.html]
[gemini-2.com/hc/En-startup-default-warm_start.html]
[gemini-2.com/hc/En-startup-default-warm_restart.html]
[gemini-2.com/hc/En-startup-default-cold_start.html]
[gemini-2.com/hc/En-Images/En-defaultstartupmode_askifpossible.jpg]
[gemini-2.com/hc/En-startup-default-ask_if_possible.html]
[gemini-2.com/hc/En-pec_training.html]
[gemini-2.com/hc/En-Images/En-pec_train.jpg]
[gemini-2.com/hc/En-Images/save_Pec_check_box.jpg]
[gemini-2.com/hc/En-pec_train.html]
[gemini-2.com/hc/En-Images/E018a.jpg]
[gemini-2.com/hc/E018a.html]
[gemini-2.com/hc/En-Images/E018.jpg]
[gemini-2.com/hc/En-Images/En-hc-language.jpg]
[gemini-2.com/hc/En-hclanguage.html]
[gemini-2.com/hc/En-formatyesno.html]
[gemini-2.com/hc/En-hc_SDcard_delete_catalog.html]
[gemini-2.com/hc/En-Images/En-hc_sdcard_menu.jpg]
[gemini-2.com/hc/En-Images/ExplorerFileExample.jpg]
[gemini-2.com/hc/En-hc_SDcard.html]
[gemini-2.com/quickstart/screenalign-3.html]
[gemini-2.com/quickstart/screenalign-2.php]
[gemini-2.com/quickstart/images/screenalign-2.jpg]
[gemini-2.com/hc/E006.html]
[gemini-2.com/hc/E007.html]
[gemini-2.com/hc/E008.html]
[gemini-2.com/hc/E005.html]
[gemini-2.com/hc/En-Images/E005.jpg]
[gemini-2.com/hc/button_images/buttonB2.jpg]
[gemini-2.com/hc/button_images/buttonB3.jpg]
[gemini-2.com/hc/En-Images/E022.jpg]
[gemini-2.com/hc/E022A.html]
[gemini-2.com/hc/E022.html]
[gemini-2.com/hc/En-Images/E021.jpg]
[gemini-2.com/hc/E021.html]
[gemini-2.com/hc/En-Images/E015.jpg]
[gemini-2.com/hc/E015.html]
[gemini-2.com/hc/En-Images/E016.jpg]
[gemini-2.com/hc/E016.html]
[gemini-2.com/hc/En-Images/E017.jpg]
[gemini-2.com/hc/E017.html]
[gemini-2.com/hc/E025.html]
[gemini-2.com/hc/En-Images/E013a.jpg]
[gemini-2.com/hc/E027.html]
[gemini-2.com/hc/E013.html]
[gemini-2.com/hc/En-Images/E013b.jpg]
[gemini-2.com/hc/En-catalog_tour_1st-star.html]
[gemini-2.com/hc/En-catalog_tour_bsl.html]
[gemini-2.com/hc/En-Images/En-catalog_tour_bsl.jpg]
[gemini-2.com/hc/En-Images/En-wakeup-telescope.jpg]
[gemini-2.com/hc/E014a.html]
[gemini-2.com/hc/En-Images/En-hc_display_menu_rotated.jpg]
[gemini-2.com/hc/En-hcdisplay_rotate.html]
[gemini-2.com/hc/En-default_color_setting.html]
[gemini-2.com/downloads/mplab/MPLAB_IDE_8_91.zip]
[gemini-2.com/downloads/mplab/MPLAB_User_Guide_51519c.pdf]
[gemini-2.com/gemini-images/servo_program/pickit3.jpg]
[gemini-2.com/gemini-images/servo_program/PB212472.jpg]
[gemini-2.com/gemini-images/servo_program/thumbnails/PB212472_small.jpg]
[gemini-2.com/gemini-images/servo_program/guts-of-rs232.jpg]
[gemini-2.com/gemini-images/servo_program/PB212471.jpg]
[gemini-2.com/gemini-images/servo_program/thumbnails/PB212471_small.jpg]
[gemini-2.com/gemini-images/servo_program/PB212470.jpg]
[gemini-2.com/gemini-images/servo_program/thumbnails/PB212470_small.jpg]
[gemini-2.com/gemini-images/servo_program/PB212469.jpg]
[gemini-2.com/gemini-images/servo_program/thumbnails/PB212469_small.jpg]
[gemini-2.com/downloads/servo/Gemini_New_Baseline21.zip]
[gemini-2.com/gemini-images/servo_program/congfigure.jpg]
[gemini-2.com/gemini-images/servo_program/Programming.jpg]
[gemini-2.com/gemini-images/servo_program/Programbutton.jpg]
[gemini-2.com/gemini-images/servo_program/programming_full_image.jpg]
[gemini-2.com/gemini-images/servo_program/thumbnails/programming_full_image_small.jpg]
[gemini-2.com/Gemini-2_Modifications/Modifications G2 17102011-1.pdf]
[gemini-2.com/servo_programmer.html]
[gemini-2.com/hc/En-SAE-05.html]
[gemini-2.com/hc/En-Images/En-SAE-4.jpg]
[gemini-2.com/hc/En-SAE-04.html]
[gemini-2.com/hc/En-SAW-04.html]
[gemini-2.com/hc/En-Images/En-SAW-3S.jpg]
[gemini-2.com/hc/En-SAW-03.html]
[gemini-2.com/hc/E026D.html]
[gemini-2.com/hc/E028C.html]
[gemini-2.com/hc/En-goto-catalogs-list1.html]
[gemini-2.com/hc/En-goto-bsl-entry.html]
[gemini-2.com/hc/En-Images/En-goto-catalogs.jpg]
[gemini-2.com/hc/En-goto-catalogs-list.html]
[gemini-2.com/hc/En-goto-saturn-slewing.html]
[gemini-2.com/hc/En-Images/En-goto-solarsystem.jpg]
[gemini-2.com/hc/En-goto-solarsystemmenu.html]
[gemini-2.com/hc/En-goto-ra-dec.html]
[gemini-2.com/hc/En-Images/En-goto-coordinateinput.jpg]
[gemini-2.com/hc/En-goto-coordinatemenu.html]
[gemini-2.com/hc/E024.html]
[gemini-2.com/hc/En-Images/E024.jpg]
[gemini-2.com/hc/En-goto-bookmark.html]
[gemini-2.com/hc/E004-MOVE.html]
[gemini-2.com/hc/En-Images/E004-slew.jpg]
[gemini-2.com/hc/E004-SLEW.html]
[gemini-2.com/DCOM_Reported_Problems_files/images/styles/RoyalFlush/misc/quote-left.html]
[gemini-2.com/DCOM_Reported_Problems_files/images/styles/RoyalFlush/misc/pencil.html]
[gemini-2.com/DCOM_Reported_Problems_files/images/styles/RoyalFlush/editor/sprite.html]
[gemini-2.com/DCOM_Reported_Problems_files/clientscript/ckeditor/skins/kama/images/sprites.html]
[gemini-2.com/DCOM_Reported_Problems_files/images/styles/RoyalFlush/misc/black_downward_arrow.html]
[gemini-2.com/DCOM_Reported_Problems_files/images/styles/RoyalFlush/site_icons/profile.html]
[gemini-2.com/DCOM_Reported_Problems_files/images/styles/RoyalFlush/site_icons/forum.html]
[gemini-2.com/DCOM_Reported_Problems_files/images/styles/RoyalFlush/site_icons/message.html]
[gemini-2.com/DCOM_Reported_Problems_files/images/styles/RoyalFlush/site_icons/blog.html]
[gemini-2.com/DCOM_Reported_Problems_files/images/styles/RoyalFlush/site_icons/homepage.html]
[gemini-2.com/DCOM_Reported_Problems_files/images/styles/RoyalFlush/site_icons/article.html]
[gemini-2.com/DCOM_Reported_Problems_files/images/styles/RoyalFlush/site_icons/add.html]
[gemini-2.com/DCOM_Reported_Problems_files/images/styles/RoyalFlush/site_icons/email.html]
[gemini-2.com/DCOM_Reported_Problems_files/images/styles/RoyalFlush/style/pageBG.html]
[gemini-2.com/DCOM_Reported_Problems_files/images/gradients/generic_button.html]
[gemini-2.com/DCOM_Reported_Problems_files/images/buttons/newbtn_middle.html]
[gemini-2.com/DCOM_Reported_Problems_files/images/gradients/gradient-greytowhite.html]
[gemini-2.com/DCOM_Reported_Problems_files/images/styles/RoyalFlush/style/navBG.html]
[gemini-2.com/DCOM_Reported_Problems_files/images/styles/RoyalFlush/style/navBG_hover.html]
[gemini-2.com/DCOM_Reported_Problems_files/images/styles/RoyalFlush/misc/arrow.html]
[gemini-2.com/DCOM_Reported_Problems_files/images/styles/RoyalFlush/misc/navbit-arrow-right.html]
[gemini-2.com/DCOM_Reported_Problems_files/images/styles/RoyalFlush/style/buttonBG.html]
[gemini-2.com/DCOM_Reported_Problems_files/images/styles/RoyalFlush/style/buttonBG_hover.html]
[gemini-2.com/DCOM_Reported_Problems_files/images/styles/RoyalFlush/rating/rating-15_3.html]
[gemini-2.com/DCOM_Reported_Problems_files/images/styles/RoyalFlush/rating/rating-15_0.html]
[gemini-2.com/DCOM_Reported_Problems_files/images/styles/RoyalFlush/rating/rating-15_5.html]
[gemini-2.com/DCOM_Reported_Problems_files/images/styles/RoyalFlush/rating/rating-15_4.html]
[gemini-2.com/DCOM_Reported_Problems_files/images/styles/RoyalFlush/rating/rating-15_2.html]
[gemini-2.com/DCOM_Reported_Problems_files/images/styles/RoyalFlush/rating/rating-15_1.html]
[gemini-2.com/DCOM_Reported_Problems_files/images/styles/RoyalFlush/rating/rating-15_4_left.html]
[gemini-2.com/DCOM_Reported_Problems_files/images/styles/RoyalFlush/rating/rating-15_3_left.html]
[gemini-2.com/DCOM_Reported_Problems_files/images/styles/RoyalFlush/rating/rating-15_2_left.html]
[gemini-2.com/DCOM_Reported_Problems_files/images/styles/RoyalFlush/rating/rating-15_1_left.html]
[gemini-2.com/DCOM_Reported_Problems_files/images/styles/RoyalFlush/buttons/firstnew.html]
[gemini-2.com/DCOM_Reported_Problems_files/images/styles/RoyalFlush/statusicon/post_old.html]
[gemini-2.com/DCOM_Reported_Problems_files/images/styles/RoyalFlush/statusicon/post_new.html]
[gemini-2.com/DCOM_Reported_Problems_files/images/styles/RoyalFlush/buttons/edit_40b.html]
[gemini-2.com/DCOM_Reported_Problems_files/images/styles/RoyalFlush/buttons/edit_40b-hover.html]
[gemini-2.com/DCOM_Reported_Problems_files/images/styles/RoyalFlush/buttons/reply_40b.html]
[gemini-2.com/DCOM_Reported_Problems_files/images/styles/RoyalFlush/buttons/reply_40b-hover.html]
[gemini-2.com/DCOM_Reported_Problems_files/images/styles/RoyalFlush/buttons/quote_40b.html]
[gemini-2.com/DCOM_Reported_Problems_files/images/styles/RoyalFlush/buttons/quote_40b-hover.html]
[gemini-2.com/DCOM_Reported_Problems_files/images/styles/RoyalFlush/buttons/multiquote-back_40b.html]
[gemini-2.com/DCOM_Reported_Problems_files/images/styles/RoyalFlush/buttons/multiquote_40b-hover.html]
[gemini-2.com/DCOM_Reported_Problems_files/images/styles/RoyalFlush/cms/promote_small.html]
[gemini-2.com/DCOM_Reported_Problems_files/images/styles/RoyalFlush/cms/promote_small-hover.html]
[gemini-2.com/DCOM_Reported_Problems_files/images/styles/RoyalFlush/buttons/add-infraction_sm.html]
[gemini-2.com/DCOM_Reported_Problems_files/images/styles/RoyalFlush/buttons/add-infraction_sm-hover.html]
[gemini-2.com/DCOM_Reported_Problems_files/images/styles/RoyalFlush/buttons/report-40b.html]
[gemini-2.com/DCOM_Reported_Problems_files/images/styles/RoyalFlush/buttons/report-40b-hover.html]
[gemini-2.com/DCOM_Reported_Problems_files/images/styles/RoyalFlush/misc/blog/blogpost_40b.html]
[gemini-2.com/DCOM_Reported_Problems_files/images/styles/RoyalFlush/misc/blog/blogpost_40b-hover.html]
[gemini-2.com/DCOM_Reported_Problems_files/images/styles/RoyalFlush/buttons/reputation-40b.html]
[gemini-2.com/DCOM_Reported_Problems_files/images/styles/RoyalFlush/buttons/reputation-40b-hover.html]
[gemini-2.com/DCOM_Reported_Problems_files/images/styles/RoyalFlush/buttons/ip-40b.html]
[gemini-2.com/DCOM_Reported_Problems_files/images/styles/RoyalFlush/buttons/ip-40b-hover.html]
[gemini-2.com/DCOM_Reported_Problems_files/images/styles/RoyalFlush/buttons/red-card_sm.html]
[gemini-2.com/DCOM_Reported_Problems_files/images/styles/RoyalFlush/buttons/red-card_sm-hover.html]
[gemini-2.com/DCOM_Reported_Problems_files/images/styles/RoyalFlush/buttons/yellow-card_sm.html]
[gemini-2.com/DCOM_Reported_Problems_files/images/styles/RoyalFlush/buttons/yellow-card_sm-hover.html]
[gemini-2.com/DCOM_Reported_Problems_files/images/styles/RoyalFlush/buttons/deleted_sm.html]
[gemini-2.com/DCOM_Reported_Problems_files/images/styles/RoyalFlush/buttons/deleted_sm-hover.html]
[gemini-2.com/DCOM_Reported_Problems_files/images/styles/RoyalFlush/buttons/android_icon.html]
[gemini-2.com/DCOM_Reported_Problems_files/images/styles/RoyalFlush/buttons/android_icon-hover.html]
[gemini-2.com/DCOM_Reported_Problems_files/images/styles/RoyalFlush/buttons/iphone_icon.html]
[gemini-2.com/DCOM_Reported_Problems_files/images/styles/RoyalFlush/buttons/iphone_icon-hover.html]
[gemini-2.com/DCOM_Reported_Problems_files/images/styles/RoyalFlush/buttons/facebook_icon.html]
[gemini-2.com/DCOM_Reported_Problems_files/images/styles/RoyalFlush/buttons/facebook_icon-hover.html]
[gemini-2.com/DCOM_Reported_Problems_files/images/misc/poll_question_mark.html]
[gemini-2.com/DCOM_Reported_Problems_files/images/styles/RoyalFlush/style/pageBottomBG.html]
[gemini-2.com/DCOM_Reported_Problems_files/images/styles/RoyalFlush/style/logoBox_left.html]
[gemini-2.com/DCOM_Reported_Problems_files/images/styles/RoyalFlush/style/searchBox.html]
[gemini-2.com/DCOM_Reported_Problems_files/images/styles/RoyalFlush/style/searchInput_left.html]
[gemini-2.com/DCOM_Reported_Problems_files/images/styles/RoyalFlush/style/loginBoxBG.html]
[gemini-2.com/DCOM_Reported_Problems_files/images/styles/RoyalFlush/style/loginBoxLeft.html]
[gemini-2.com/DCOM_Reported_Problems_files/images/styles/RoyalFlush/style/loginBoxRight.html]
[gemini-2.com/DCOM_Reported_Problems_files/images/styles/RoyalFlush/style/loginBoxInput.html]
[gemini-2.com/DCOM_Reported_Problems_files/images/styles/RoyalFlush/style/contentBoxBG.html]
[gemini-2.com/DCOM_Reported_Problems_files/images/styles/RoyalFlush/style/contentBoxLeftBG.html]
[gemini-2.com/DCOM_Reported_Problems_files/images/styles/RoyalFlush/style/contentBoxRightBG.html]
[gemini-2.com/DCOM_Reported_Problems_files/images/styles/RoyalFlush/style/contentBoxLeft.html]
[gemini-2.com/DCOM_Reported_Problems_files/images/styles/RoyalFlush/style/contentBoxRight.html]
[gemini-2.com/DCOM_Reported_Problems_files/images/styles/RoyalFlush/style/footerNav.html]
[gemini-2.com/DCOM_Reported_Problems_files/images/styles/RoyalFlush/style/footerNavLeft.html]
[gemini-2.com/DCOM_Reported_Problems_files/images/styles/RoyalFlush/style/footerNavRight.html]
[gemini-2.com/DCOM_Reported_Problems_files/images/styles/RoyalFlush/style/footerNavSplit.html]
[gemini-2.com/DCOM_Reported_Problems_files/images/styles/RoyalFlush/style/footerNav_Hover.html]
[gemini-2.com/DCOM_Reported_Problems_files/images/styles/RoyalFlush/style/footerBarBG.html]
[gemini-2.com/DCOM_Reported_Problems_files/images/styles/RoyalFlush/style/footerBarLeft.html]
[gemini-2.com/DCOM_Reported_Problems_files/images/styles/RoyalFlush/style/footerBarRight.html]
[gemini-2.com/DCOM_Reported_Problems_files/images/styles/RoyalFlush/style/topArrow.html]
[gemini-2.com/DCOM_Reported_Problems_files/images/styles/RoyalFlush/style/footerBG.html]
[gemini-2.com/DCOM_Reported_Problems_files/images/styles/RoyalFlush/style/navLeft_left.html]
[gemini-2.com/DCOM_Reported_Problems_files/images/styles/RoyalFlush/style/navRight_left.html]
[gemini-2.com/DCOM_Reported_Problems_files/images/styles/RoyalFlush/style/navSplit.html]
[gemini-2.com/DCOM_Reported_Problems_files/images/styles/RoyalFlush/misc/arrow-2.html]
[gemini-2.com/DCOM_Reported_Problems_files/images/styles/RoyalFlush/style/bcBG.html]
[gemini-2.com/DCOM_Reported_Problems_files/images/styles/RoyalFlush/style/bcLeft.html]
[gemini-2.com/DCOM_Reported_Problems_files/images/styles/RoyalFlush/style/bcRight.html]
[gemini-2.com/DCOM_Reported_Problems_files/images/styles/RoyalFlush/style/tcatBG.html]
[gemini-2.com/DCOM_Reported_Problems_files/images/styles/RoyalFlush/style/tcatLeft.html]
[gemini-2.com/DCOM_Reported_Problems_files/images/styles/RoyalFlush/style/tcatRight.html]
[gemini-2.com/DCOM_Reported_Problems_files/images/styles/RoyalFlush/style/theadBG.html]
[gemini-2.com/DCOM_Reported_Problems_files/images/styles/RoyalFlush/style/postfieldBG.html]
[gemini-2.com/DCOM_Reported_Problems_files/images/styles/RoyalFlush/style/bottomBarBG.html]
[gemini-2.com/DCOM_Reported_Problems_files/images/misc/blog/top-highlight.html]
[gemini-2.com/hc/En-Images/En-restarting.jpg]
[gemini-2.com/hc/En-startup-restarting-ask_if_possible.html]
[gemini-2.com/hc/En-startup-restarting-warn_start.html]
[gemini-2.com/hc/En-Images/En-defaultstartupmode_warm_start.jpg]
[gemini-2.com/hc/En-startup-default-warm_start.html]
[gemini-2.com/hc/En-startup-restarting-warm_restart.html]
[gemini-2.com/hc/En-startup-default-warm_restart.html]
[gemini-2.com/hc/En-Images/En-defaultstartupmode_warm_restart.jpg]
[gemini-2.com/hc/En-startup-restarting-cold_start.html]
[gemini-2.com/hc/En-startup-default-cold_start.html]
[gemini-2.com/hc/En-Images/En-defaultstartupmode_cold_start.jpg]
[gemini-2.com/hc/En-pec_trained.html]
[gemini-2.com/hc/button_images/buttonB8.jpg]
[gemini-2.com/hc/button_images/buttonB9.jpg]
[gemini-2.com/hc/button_images/buttonBD.jpg]
[gemini-2.com/hc/button_images/buttonBE.jpg]
[gemini-2.com/hc/En-Images/En-pec_training.jpg]
[gemini-2.com/hc/En-pec_training.html]
[gemini-2.com/hc/En-Images/En-sdcard-formatyesno.jpg]
[gemini-2.com/hc/En-formatyesno.html]
[gemini-2.com/hc/En-hc_SDcard_deletefile.html]
[gemini-2.com/hc/En-hc_SDcard_delete_catalog_down.html]
[gemini-2.com/hc/En-Images/En-hc_SDcard_delete_catalog.jpg]
[gemini-2.com/hc/En-hc_SDcard_delete_catalog.html]
[gemini-2.com/quickstart/screenalign-4.html]
[gemini-2.com/quickstart/images/screenalign-3.jpg]
[gemini-2.com/quickstart/screenalign-3.html]
[gemini-2.com/hc/E006.html]
[gemini-2.com/hc/E007.html]
[gemini-2.com/hc/E011.html]
[gemini-2.com/hc/E010.html]
[gemini-2.com/hc/E009.html]
[gemini-2.com/hc/En-Images/E008.jpg]
[gemini-2.com/hc/E008.html]
[gemini-2.com/hc/button_images/buttonB2.html]
[gemini-2.com/hc/button_images/buttonB3.html]
[gemini-2.com/hc/E022B.html]
[gemini-2.com/hc/E022A.html]
[gemini-2.com/hc/En-Images/E025.jpg]
[gemini-2.com/hc/E025.html]
[gemini-2.com/hc/En-Images/E027.jpg]
[gemini-2.com/hc/E027.html]
[gemini-2.com/hc/En-Images/En-catalog_tour_1st-star.jpg]
[gemini-2.com/hc/En-catalog_tour_1st-star.html]
[gemini-2.com/hc/En-SAE-06.html]
[gemini-2.com/hc/En-Images/En-SAE-5.jpg]
[gemini-2.com/hc/En-SAE-05.html]
[gemini-2.com/hc/En-SAW-05.html]
[gemini-2.com/hc/En-Images/En-SAW-4.jpg]
[gemini-2.com/hc/En-SAW-04.html]
[gemini-2.com/hc/E026E.html]
[gemini-2.com/hc/En-Images/E026D.jpg]
[gemini-2.com/hc/E026D.html]
[gemini-2.com/hc/En-goto-catalogs-list1.html]
[gemini-2.com/hc/En-Images/En-goto-catalogs1.jpg]
[gemini-2.com/hc/En-goto-bsl-entry_V.html]
[gemini-2.com/hc/En-Images/En-goto-bsl-entry.jpg]
[gemini-2.com/hc/En-goto-bsl-entry.html]
[gemini-2.com/hc/En-goto-saturn-done.html]
[gemini-2.com/hc/En-Images/En-goto-saturn-slewing.jpg]
[gemini-2.com/hc/En-Images/En-goto-saturn-slewingS.jpg]
[gemini-2.com/hc/En-goto-saturn-slewing.html]
[gemini-2.com/hc/En-goto-ra-dec.html]
[gemini-2.com/hc/En-Images/En-bookmark.jpg]
[gemini-2.com/hc/En-Images/E004-move.jpg]
[gemini-2.com/hc/E004-MOVE.html]
[gemini-2.com/hc/hc/En-Main-Menu.php]
[gemini-2.com/hc/En-startup-restarting-warn_start.html]
[gemini-2.com/hc/En-startup-restarting-warm_restart.html]
[gemini-2.com/hc/En-startup-restarting-cold_start.html]
[gemini-2.com/hc/button_images/button6A.jpg]
[gemini-2.com/hc/button_images/button6B.jpg]
[gemini-2.com/hc/En-pec_on.html]
[gemini-2.com/hc/En-Images/En-pec_trained.jpg]
[gemini-2.com/hc/En-pec_trained.html]
[gemini-2.com/hc/button_images/buttonB8.html]
[gemini-2.com/hc/button_images/buttonB9.html]
[gemini-2.com/hc/button_images/buttonBD.html]
[gemini-2.com/hc/button_images/buttonBE.html]
[gemini-2.com/hc/En-Images/En-hc-SDcard-DeleteFile.jpg]
[gemini-2.com/hc/En-hc_SDcard_deletefile.html]
[gemini-2.com/hc/En-Images/En-hc_SDcard_delete_catalog-down.jpg]
[gemini-2.com/hc/En-hc_SDcard_delete_catalog_down.html]
[gemini-2.com/quickstart/screenalign-5.html]
[gemini-2.com/quickstart/images/screenalign-4.jpg]
[gemini-2.com/quickstart/screenalign-4.html]
[gemini-2.com/hc/E011.html]
[gemini-2.com/hc/E010.html]
[gemini-2.com/hc/E009.html]
[gemini-2.com/hc/comet_tracking.html]
[gemini-2.com/hc/E022B.html]
[gemini-2.com/hc/En-SAE-07.html]
[gemini-2.com/hc/En-Images/En-SAE-6.jpg]
[gemini-2.com/hc/En-SAE-06.html]
[gemini-2.com/hc/En-SAW-06.html]
[gemini-2.com/hc/En-Images/En-SAW-5.jpg]
[gemini-2.com/hc/En-SAW-05.html]
[gemini-2.com/hc/E026F.html]
[gemini-2.com/hc/E026E.html]
[gemini-2.com/hc/En-goto-vega.html]
[gemini-2.com/hc/En-Images/En-goto-bsl-entry-V.jpg]
[gemini-2.com/hc/En-goto-bsl-entry_V.html]
[gemini-2.com/hc/En-Images/En-goto-saturn-done.jpg]
[gemini-2.com/hc/En-goto-saturn-done.html]
[gemini-2.com/hc/hc/En-Main-Menu.html]
[gemini-2.com/hc/button_images/button6A.html]
[gemini-2.com/hc/button_images/button6B.html]
[gemini-2.com/hc/En-pec_off.html]
[gemini-2.com/hc/En-Images/En-pec_off.jpg]
[gemini-2.com/hc/En-pec_on.html]
[gemini-2.com/quickstart/screenalign-6.html]
[gemini-2.com/quickstart/images/screenalign-5.jpg]
[gemini-2.com/quickstart/screenalign-5.html]
[gemini-2.com/hc/comet_tracking.html]
[gemini-2.com/hc/En-SAE-08.html]
[gemini-2.com/hc/En-Images/En-SAE-7S.jpg]
[gemini-2.com/hc/En-SAE-07.html]
[gemini-2.com/hc/En-SAW-07.html]
[gemini-2.com/hc/En-Images/En-SAW-6.jpg]
[gemini-2.com/hc/En-SAW-06.html]
[gemini-2.com/hc/E026G.html]
[gemini-2.com/hc/En-Images/E026F.jpg]
[gemini-2.com/hc/E026F.html]
[gemini-2.com/hc/En-goto-vindemiatrix.html]
[gemini-2.com/hc/En-Images/En-goto-vega.jpg]
[gemini-2.com/hc/En-goto-vega.html]
[gemini-2.com/hc/En-Images/En-pec_on.jpg]
[gemini-2.com/hc/En-pec_off.html]
[gemini-2.com/quickstart/startup_mount_initial_screen.html]
[gemini-2.com/quickstart/images/screenalign-7.jpg]
[gemini-2.com/quickstart/screenalign-6.html]
[gemini-2.com/hc/En-SAE-09.html]
[gemini-2.com/hc/En-Images/En-SAE-8.jpg]
[gemini-2.com/hc/En-SAE-08.html]
[gemini-2.com/hc/En-SAW-08.html]
[gemini-2.com/hc/En-Images/En-SAW-7.jpg]
[gemini-2.com/hc/En-SAW-07.html]
[gemini-2.com/hc/E026G.html]
[gemini-2.com/hc/En-goto-vindemiatrix-slewing.html]
[gemini-2.com/hc/En-Images/En-goto-vindemiatrix.jpg]
[gemini-2.com/hc/En-goto-vindemiatrix.html]
[gemini-2.com/quickstart/startup-select-mount.html]
[gemini-2.com/quickstart/images/Initial-Startup-Selection.jpg]
[gemini-2.com/quickstart/startup_mount_initial_screen.html]
[gemini-2.com/hc/En-SAE-10.html]
[gemini-2.com/hc/En-Images/En-SAE-9.jpg]
[gemini-2.com/hc/En-SAE-09.html]
[gemini-2.com/hc/En-SAW-09.html]
[gemini-2.com/hc/En-Images/En-SAW-8S.jpg]
[gemini-2.com/hc/En-SAW-08.html]
[gemini-2.com/hc/En-goto-vindemiatrix-done.html]
[gemini-2.com/hc/button_images/button1B.jpg]
[gemini-2.com/hc/button_images/button1C.jpg]
[gemini-2.com/hc/En-Images/En-goto-vindemiatrix-slewing.jpg]
[gemini-2.com/hc/En-Images/En-goto-vindemiatrix-slewingS.jpg]
[gemini-2.com/hc/En-goto-vindemiatrix-slewing.html]
[gemini-2.com/quickstart/startup-site.html]
[gemini-2.com/quickstart/startup-select-mount.html]
[gemini-2.com/hc/En-SAE-11.html]
[gemini-2.com/hc/En-Images/En-SAE-10.jpg]
[gemini-2.com/hc/En-SAE-10.html]
[gemini-2.com/hc/En-SAW-10.html]
[gemini-2.com/hc/En-Images/En-SAW-9.jpg]
[gemini-2.com/hc/En-SAW-09.html]
[gemini-2.com/hc/En-goto-mainselection_next.html]
[gemini-2.com/hc/En-Images/En-goto-vindemiatrix-done.jpg]
[gemini-2.com/hc/En-goto-vindemiatrix-done.html]
[gemini-2.com/hc/button_images/button1B.html]
[gemini-2.com/hc/button_images/button1C.html]
[gemini-2.com/quickstart/startup-sitelongitude.html]
[gemini-2.com/quickstart/startup-sitelatitude.html]
[gemini-2.com/quickstart/startup-time.html]
[gemini-2.com/quickstart/images/startup-site.jpg]
[gemini-2.com/quickstart/startup-site.html]
[gemini-2.com/hc/En-SAE-12.html]
[gemini-2.com/hc/En-Images/En-SAE-11.jpg]
[gemini-2.com/hc/En-SAE-11.html]
[gemini-2.com/hc/En-SAW-11.html]
[gemini-2.com/hc/En-Images/En-SAW-10.jpg]
[gemini-2.com/hc/En-SAW-10.html]
[gemini-2.com/hc/En-goto-mainselection_next.html]
[gemini-2.com/quickstart/images/sitelongitude.jpg]
[gemini-2.com/quickstart/startup-sitelongitude.html]
[gemini-2.com/quickstart/images/sitelatitude.jpg]
[gemini-2.com/quickstart/startup-sitelatitude.html]
[gemini-2.com/quickstart/Main-Menu.html]
[gemini-2.com/quickstart/startup-timehours.html]
[gemini-2.com/quickstart/startup-civildate.html]
[gemini-2.com/quickstart/startup-timezoneoffset.html]
[gemini-2.com/quickstart/images/Timesetmenu.jpg]
[gemini-2.com/quickstart/startup-time.html]
[gemini-2.com/hc/En-SAE-13.html]
[gemini-2.com/hc/En-Images/En-SAE-12S.jpg]
[gemini-2.com/hc/En-SAE-12.html]
[gemini-2.com/hc/En-SAW-12.html]
[gemini-2.com/hc/En-Images/En-SAW-11.jpg]
[gemini-2.com/hc/En-SAW-11.html]
[gemini-2.com/quickstart/Main-Menu.html]
[gemini-2.com/quickstart/images/timehours.jpg]
[gemini-2.com/quickstart/startup-timehours.html]
[gemini-2.com/quickstart/images/Time-civildate.jpg]
[gemini-2.com/quickstart/startup-civildate.html]
[gemini-2.com/quickstart/xweb-popup.js]
[gemini-2.com/quickstart/images/timezoneoffset.jpg]
[gemini-2.com/quickstart/timezonefacts.html]
[gemini-2.com/quickstart/startup-timezoneoffset.html]
[gemini-2.com/hc/En-SAE-14.html]
[gemini-2.com/hc/En-Images/En-SAE-13.jpg]
[gemini-2.com/hc/En-SAE-13.html]
[gemini-2.com/hc/En-SAW-13.html]
[gemini-2.com/hc/En-Images/En-SAW-12.jpg]
[gemini-2.com/hc/En-SAW-12.html]
[gemini-2.com/quickstart/timezonefacts.html]
[gemini-2.com/hc/En-SAE-15.html]
[gemini-2.com/hc/En-Images/En-SAE-14.jpg]
[gemini-2.com/hc/En-SAE-14.html]
[gemini-2.com/hc/En-SAW-14.html]
[gemini-2.com/hc/En-Images/En-SAW-13S.jpg]
[gemini-2.com/hc/En-SAW-13.html]
[gemini-2.com/hc/En-SAE-16.html]
[gemini-2.com/hc/En-Images/En-SAE-15.jpg]
[gemini-2.com/hc/En-SAE-15.html]
[gemini-2.com/hc/En-SAW-15.html]
[gemini-2.com/hc/En-SAW-14.html]
[gemini-2.com/hc/En-SAE-17.html]
[gemini-2.com/hc/En-Images/En-SAE-16.jpg]
[gemini-2.com/hc/En-SAE-16.html]
[gemini-2.com/hc/En-SAW-16.html]
[gemini-2.com/hc/En-Images/En-SAW-15.jpg]
[gemini-2.com/hc/En-SAW-15.html]
[gemini-2.com/hc/En-Images/En-SAW-14.jpg]
[gemini-2.com/hc/En-SAE-18.html]
[gemini-2.com/hc/En-Images/En-SAE-17S.jpg]
[gemini-2.com/hc/En-SAE-17.html]
[gemini-2.com/hc/En-SAW-17.html]
[gemini-2.com/hc/En-Images/En-SAW-16.jpg]
[gemini-2.com/hc/En-SAW-16.html]
[gemini-2.com/hc/En-SAE-19.html]
[gemini-2.com/hc/En-Images/En-SAE-18.jpg]
[gemini-2.com/hc/En-SAE-18.html]
[gemini-2.com/hc/En-SAW-18.html]
[gemini-2.com/hc/En-Images/En-SAW-17.jpg]
[gemini-2.com/hc/En-SAW-17.html]
[gemini-2.com/hc/En-SAE-20.html]
[gemini-2.com/hc/En-Images/En-SAE-19.jpg]
[gemini-2.com/hc/En-SAE-19.html]
[gemini-2.com/hc/En-SAW-19.html]
[gemini-2.com/hc/En-Images/En-SAW-18S.jpg]
[gemini-2.com/hc/En-SAW-18.html]
[gemini-2.com/hc/En-Images/En-SAE-20.jpg]
[gemini-2.com/hc/En-SAE-20.html]
[gemini-2.com/hc/En-SAW-20.html]
[gemini-2.com/hc/En-Images/En-SAW-19.jpg]
[gemini-2.com/hc/En-SAW-19.html]
[gemini-2.com/hc/En-SAW-21.html]
[gemini-2.com/hc/En-Images/En-SAW-20.jpg]
[gemini-2.com/hc/En-SAW-20.html]
[gemini-2.com/hc/En-SAW-21.html]
[gemini-2.com/hc/En-Images/En-SAW-21.jpg]
